Renderer: NVIDIA GeForce RTX 4090/PCIe/SSE2 by NVIDIA Corporation
OpenGL version: 4.6.0 NVIDIA 595.84
Using optional features:
    GL_ARB_ES2_compatibility
    GL_ARB_direct_state_access
    GL_ARB_get_texture_sub_image
    GL_ARB_invalidate_subdata
    GL_ARB_multi_bind
    GL_ARB_robustness
    GL_ARB_separate_shader_objects
    GL_ARB_texture_filter_anisotropic
    GL_ARB_texture_storage
    GL_ARB_texture_storage_multisample
    GL_ARB_vertex_array_object
    GL_KHR_debug
Using driver workarounds:
    no-forward-compatible-core-context
    nv-egl-incorrect-gl11-function-pointers
    no-layout-qualifiers-on-old-glsl
    nv-zero-context-profile-mask
    nv-implementation-color-read-format-dsa-broken
    nv-cubemap-inconsistent-compressed-image-size
    nv-cubemap-broken-full-compressed-image-query
    nv-compressed-block-size-in-bits
episode=10680 decisions=11 forward_branches=111 reversed_branches=31
episode=8869 decisions=17 forward_branches=181 reversed_branches=60
episode=7084 decisions=28 forward_branches=385 reversed_branches=111
episode=5190 decisions=43 forward_branches=493 reversed_branches=120
episode=8218 decisions=50 forward_branches=578 reversed_branches=136
episode=4099 decisions=60 forward_branches=705 reversed_branches=163
episode=9780 decisions=67 forward_branches=800 reversed_branches=201
episode=4110 decisions=76 forward_branches=908 reversed_branches=228
episode=764 decisions=86 forward_branches=1089 reversed_branches=278
episode=4049 decisions=99 forward_branches=1288 reversed_branches=302
episode=5660 decisions=106 forward_branches=1373 reversed_branches=321
episode=3039 decisions=115 forward_branches=1476 reversed_branches=342
episode=10548 decisions=125 forward_branches=1641 reversed_branches=365
episode=5488 decisions=132 forward_branches=1726 reversed_branches=388
episode=8704 decisions=141 forward_branches=1800 reversed_branches=406
episode=10198 decisions=147 forward_branches=1836 reversed_branches=416
Renderer: NVIDIA GeForce RTX 4090/PCIe/SSE2 by NVIDIA Corporation
OpenGL version: 4.6.0 NVIDIA 595.84
Using optional features:
    GL_ARB_ES2_compatibility
    GL_ARB_direct_state_access
    GL_ARB_get_texture_sub_image
    GL_ARB_invalidate_subdata
    GL_ARB_multi_bind
    GL_ARB_robustness
    GL_ARB_separate_shader_objects
    GL_ARB_texture_filter_anisotropic
    GL_ARB_texture_storage
    GL_ARB_texture_storage_multisample
    GL_ARB_vertex_array_object
    GL_KHR_debug
Using driver workarounds:
    no-forward-compatible-core-context
    nv-egl-incorrect-gl11-function-pointers
    no-layout-qualifiers-on-old-glsl
    nv-zero-context-profile-mask
    nv-implementation-color-read-format-dsa-broken
    nv-cubemap-inconsistent-compressed-image-size
    nv-cubemap-broken-full-compressed-image-query
    nv-compressed-block-size-in-bits
episode=3148 decisions=153 forward_branches=1886 reversed_branches=433
episode=1271 decisions=163 forward_branches=2038 reversed_branches=479
episode=505 decisions=168 forward_branches=2074 reversed_branches=496
episode=3110 decisions=174 forward_branches=2139 reversed_branches=512
episode=3383 decisions=186 forward_branches=2285 reversed_branches=524
episode=8145 decisions=190 forward_branches=2308 reversed_branches=533
episode=7531 decisions=196 forward_branches=2364 reversed_branches=555
episode=7692 decisions=203 forward_branches=2414 reversed_branches=571
episode=7012 decisions=213 forward_branches=2552 reversed_branches=606
episode=3469 decisions=222 forward_branches=2665 reversed_branches=636
episode=4071 decisions=226 forward_branches=2693 reversed_branches=647
episode=3037 decisions=230 forward_branches=2727 reversed_branches=663
episode=10638 decisions=235 forward_branches=2769 reversed_branches=681
episode=8752 decisions=241 forward_branches=2814 reversed_branches=700
episode=9969 decisions=248 forward_branches=2883 reversed_branches=724
episode=6141 decisions=254 forward_branches=2948 reversed_branches=754
Renderer: NVIDIA GeForce RTX 4090/PCIe/SSE2 by NVIDIA Corporation
OpenGL version: 4.6.0 NVIDIA 595.84
Using optional features:
    GL_ARB_ES2_compatibility
    GL_ARB_direct_state_access
    GL_ARB_get_texture_sub_image
    GL_ARB_invalidate_subdata
    GL_ARB_multi_bind
    GL_ARB_robustness
    GL_ARB_separate_shader_objects
    GL_ARB_texture_filter_anisotropic
    GL_ARB_texture_storage
    GL_ARB_texture_storage_multisample
    GL_ARB_vertex_array_object
    GL_KHR_debug
Using driver workarounds:
    no-forward-compatible-core-context
    nv-egl-incorrect-gl11-function-pointers
    no-layout-qualifiers-on-old-glsl
    nv-zero-context-profile-mask
    nv-implementation-color-read-format-dsa-broken
    nv-cubemap-inconsistent-compressed-image-size
    nv-cubemap-broken-full-compressed-image-query
    nv-compressed-block-size-in-bits
episode=4482 decisions=260 forward_branches=3008 reversed_branches=775
episode=5684 decisions=271 forward_branches=3111 reversed_branches=798
episode=4128 decisions=276 forward_branches=3162 reversed_branches=819
episode=6380 decisions=281 forward_branches=3201 reversed_branches=839
episode=9186 decisions=288 forward_branches=3262 reversed_branches=853
episode=3950 decisions=294 forward_branches=3313 reversed_branches=871
episode=8644 decisions=298 forward_branches=3351 reversed_branches=891
episode=9032 decisions=305 forward_branches=3435 reversed_branches=909
episode=1809 decisions=312 forward_branches=3515 reversed_branches=937
episode=2940 decisions=318 forward_branches=3588 reversed_branches=964
episode=707 decisions=326 forward_branches=3683 reversed_branches=994
episode=500 decisions=333 forward_branches=3757 reversed_branches=1020
episode=1188 decisions=341 forward_branches=3858 reversed_branches=1037
episode=2365 decisions=351 forward_branches=3937 reversed_branches=1050
episode=3714 decisions=360 forward_branches=4039 reversed_branches=1081
episode=947 decisions=367 forward_branches=4079 reversed_branches=1093
Renderer: NVIDIA GeForce RTX 4090/PCIe/SSE2 by NVIDIA Corporation
OpenGL version: 4.6.0 NVIDIA 595.84
Using optional features:
    GL_ARB_ES2_compatibility
    GL_ARB_direct_state_access
    GL_ARB_get_texture_sub_image
    GL_ARB_invalidate_subdata
    GL_ARB_multi_bind
    GL_ARB_robustness
    GL_ARB_separate_shader_objects
    GL_ARB_texture_filter_anisotropic
    GL_ARB_texture_storage
    GL_ARB_texture_storage_multisample
    GL_ARB_vertex_array_object
    GL_KHR_debug
Using driver workarounds:
    no-forward-compatible-core-context
    nv-egl-incorrect-gl11-function-pointers
    no-layout-qualifiers-on-old-glsl
    nv-zero-context-profile-mask
    nv-implementation-color-read-format-dsa-broken
    nv-cubemap-inconsistent-compressed-image-size
    nv-cubemap-broken-full-compressed-image-query
    nv-compressed-block-size-in-bits
episode=1320 decisions=378 forward_branches=4267 reversed_branches=1111
episode=9683 decisions=383 forward_branches=4332 reversed_branches=1140
episode=9578 decisions=393 forward_branches=4438 reversed_branches=1169
episode=2067 decisions=403 forward_branches=4587 reversed_branches=1214
episode=10523 decisions=413 forward_branches=4716 reversed_branches=1244
episode=9413 decisions=419 forward_branches=4774 reversed_branches=1263
episode=6343 decisions=424 forward_branches=4819 reversed_branches=1285
episode=302 decisions=427 forward_branches=4843 reversed_branches=1299
episode=6731 decisions=432 forward_branches=4897 reversed_branches=1316
episode=1690 decisions=444 forward_branches=5095 reversed_branches=1342
episode=470 decisions=452 forward_branches=5213 reversed_branches=1368
episode=1283 decisions=460 forward_branches=5325 reversed_branches=1408
episode=9226 decisions=465 forward_branches=5379 reversed_branches=1433
episode=9604 decisions=474 forward_branches=5507 reversed_branches=1446
episode=7687 decisions=480 forward_branches=5560 reversed_branches=1457
episode=6446 decisions=494 forward_branches=5771 reversed_branches=1487
Renderer: NVIDIA GeForce RTX 4090/PCIe/SSE2 by NVIDIA Corporation
OpenGL version: 4.6.0 NVIDIA 595.84
Using optional features:
    GL_ARB_ES2_compatibility
    GL_ARB_direct_state_access
    GL_ARB_get_texture_sub_image
    GL_ARB_invalidate_subdata
    GL_ARB_multi_bind
    GL_ARB_robustness
    GL_ARB_separate_shader_objects
    GL_ARB_texture_filter_anisotropic
    GL_ARB_texture_storage
    GL_ARB_texture_storage_multisample
    GL_ARB_vertex_array_object
    GL_KHR_debug
Using driver workarounds:
    no-forward-compatible-core-context
    nv-egl-incorrect-gl11-function-pointers
    no-layout-qualifiers-on-old-glsl
    nv-zero-context-profile-mask
    nv-implementation-color-read-format-dsa-broken
    nv-cubemap-inconsistent-compressed-image-size
    nv-cubemap-broken-full-compressed-image-query
    nv-compressed-block-size-in-bits
episode=9633 decisions=500 forward_branches=5826 reversed_branches=1508
episode=6073 decisions=506 forward_branches=5880 reversed_branches=1524
episode=6316 decisions=518 forward_branches=6065 reversed_branches=1546
episode=4593 decisions=523 forward_branches=6116 reversed_branches=1564
episode=6649 decisions=531 forward_branches=6209 reversed_branches=1593
episode=5136 decisions=536 forward_branches=6253 reversed_branches=1605
episode=8966 decisions=543 forward_branches=6325 reversed_branches=1629
episode=6582 decisions=556 forward_branches=6514 reversed_branches=1658
episode=2053 decisions=568 forward_branches=6678 reversed_branches=1689
episode=2741 decisions=577 forward_branches=6746 reversed_branches=1698
episode=183 decisions=585 forward_branches=6797 reversed_branches=1707
episode=34 decisions=593 forward_branches=6885 reversed_branches=1730
episode=2756 decisions=603 forward_branches=7014 reversed_branches=1751
episode=2476 decisions=609 forward_branches=7071 reversed_branches=1775
episode=6154 decisions=624 forward_branches=7197 reversed_branches=1791
episode=6052 decisions=629 forward_branches=7234 reversed_branches=1807
Renderer: NVIDIA GeForce RTX 4090/PCIe/SSE2 by NVIDIA Corporation
OpenGL version: 4.6.0 NVIDIA 595.84
Using optional features:
    GL_ARB_ES2_compatibility
    GL_ARB_direct_state_access
    GL_ARB_get_texture_sub_image
    GL_ARB_invalidate_subdata
    GL_ARB_multi_bind
    GL_ARB_robustness
    GL_ARB_separate_shader_objects
    GL_ARB_texture_filter_anisotropic
    GL_ARB_texture_storage
    GL_ARB_texture_storage_multisample
    GL_ARB_vertex_array_object
    GL_KHR_debug
Using driver workarounds:
    no-forward-compatible-core-context
    nv-egl-incorrect-gl11-function-pointers
    no-layout-qualifiers-on-old-glsl
    nv-zero-context-profile-mask
    nv-implementation-color-read-format-dsa-broken
    nv-cubemap-inconsistent-compressed-image-size
    nv-cubemap-broken-full-compressed-image-query
    nv-compressed-block-size-in-bits
episode=10610 decisions=635 forward_branches=7292 reversed_branches=1821
episode=779 decisions=647 forward_branches=7497 reversed_branches=1845
episode=205 decisions=652 forward_branches=7533 reversed_branches=1860
episode=2249 decisions=663 forward_branches=7687 reversed_branches=1895
episode=9740 decisions=668 forward_branches=7734 reversed_branches=1909
episode=3915 decisions=676 forward_branches=7808 reversed_branches=1918
episode=10036 decisions=685 forward_branches=7878 reversed_branches=1938
episode=2049 decisions=690 forward_branches=7919 reversed_branches=1956
episode=7819 decisions=698 forward_branches=8020 reversed_branches=1982
episode=8715 decisions=710 forward_branches=8202 reversed_branches=2011
episode=1517 decisions=718 forward_branches=8290 reversed_branches=2043
episode=6415 decisions=724 forward_branches=8340 reversed_branches=2062
episode=10713 decisions=732 forward_branches=8420 reversed_branches=2078
episode=10314 decisions=738 forward_branches=8480 reversed_branches=2098
episode=10396 decisions=748 forward_branches=8597 reversed_branches=2136
episode=4573 decisions=757 forward_branches=8721 reversed_branches=2147
Renderer: NVIDIA GeForce RTX 4090/PCIe/SSE2 by NVIDIA Corporation
OpenGL version: 4.6.0 NVIDIA 595.84
Using optional features:
    GL_ARB_ES2_compatibility
    GL_ARB_direct_state_access
    GL_ARB_get_texture_sub_image
    GL_ARB_invalidate_subdata
    GL_ARB_multi_bind
    GL_ARB_robustness
    GL_ARB_separate_shader_objects
    GL_ARB_texture_filter_anisotropic
    GL_ARB_texture_storage
    GL_ARB_texture_storage_multisample
    GL_ARB_vertex_array_object
    GL_KHR_debug
Using driver workarounds:
    no-forward-compatible-core-context
    nv-egl-incorrect-gl11-function-pointers
    no-layout-qualifiers-on-old-glsl
    nv-zero-context-profile-mask
    nv-implementation-color-read-format-dsa-broken
    nv-cubemap-inconsistent-compressed-image-size
    nv-cubemap-broken-full-compressed-image-query
    nv-compressed-block-size-in-bits
episode=7411 decisions=772 forward_branches=8961 reversed_branches=2192
episode=9125 decisions=780 forward_branches=9053 reversed_branches=2209
episode=7126 decisions=787 forward_branches=9131 reversed_branches=2236
episode=80 decisions=794 forward_branches=9220 reversed_branches=2266
episode=1509 decisions=807 forward_branches=9472 reversed_branches=2299
episode=5307 decisions=814 forward_branches=9547 reversed_branches=2323
episode=3092 decisions=829 forward_branches=9846 reversed_branches=2386
episode=5779 decisions=836 forward_branches=9934 reversed_branches=2414
episode=8203 decisions=842 forward_branches=9998 reversed_branches=2435
episode=7273 decisions=857 forward_branches=10287 reversed_branches=2473
episode=7288 decisions=864 forward_branches=10371 reversed_branches=2499
episode=1212 decisions=872 forward_branches=10457 reversed_branches=2525
episode=7624 decisions=877 forward_branches=10511 reversed_branches=2543
episode=5169 decisions=884 forward_branches=10578 reversed_branches=2557
episode=6444 decisions=890 forward_branches=10641 reversed_branches=2573
episode=174 decisions=899 forward_branches=10733 reversed_branches=2599
Renderer: NVIDIA GeForce RTX 4090/PCIe/SSE2 by NVIDIA Corporation
OpenGL version: 4.6.0 NVIDIA 595.84
Using optional features:
    GL_ARB_ES2_compatibility
    GL_ARB_direct_state_access
    GL_ARB_get_texture_sub_image
    GL_ARB_invalidate_subdata
    GL_ARB_multi_bind
    GL_ARB_robustness
    GL_ARB_separate_shader_objects
    GL_ARB_texture_filter_anisotropic
    GL_ARB_texture_storage
    GL_ARB_texture_storage_multisample
    GL_ARB_vertex_array_object
    GL_KHR_debug
Using driver workarounds:
    no-forward-compatible-core-context
    nv-egl-incorrect-gl11-function-pointers
    no-layout-qualifiers-on-old-glsl
    nv-zero-context-profile-mask
    nv-implementation-color-read-format-dsa-broken
    nv-cubemap-inconsistent-compressed-image-size
    nv-cubemap-broken-full-compressed-image-query
    nv-compressed-block-size-in-bits
episode=363 decisions=904 forward_branches=10775 reversed_branches=2617
episode=1572 decisions=910 forward_branches=10845 reversed_branches=2641
episode=1327 decisions=919 forward_branches=10934 reversed_branches=2666
episode=44 decisions=928 forward_branches=11079 reversed_branches=2693
episode=5024 decisions=943 forward_branches=11384 reversed_branches=2758
episode=9136 decisions=954 forward_branches=11540 reversed_branches=2802
episode=9676 decisions=962 forward_branches=11596 reversed_branches=2812
episode=464 decisions=970 forward_branches=11687 reversed_branches=2850
episode=9200 decisions=979 forward_branches=11799 reversed_branches=2874
episode=7712 decisions=987 forward_branches=11920 reversed_branches=2906
episode=6767 decisions=997 forward_branches=12076 reversed_branches=2935
episode=8624 decisions=1002 forward_branches=12114 reversed_branches=2950
episode=2083 decisions=1008 forward_branches=12175 reversed_branches=2969
episode=7468 decisions=1014 forward_branches=12247 reversed_branches=2993
episode=4345 decisions=1024 forward_branches=12413 reversed_branches=3021
episode=4413 decisions=1029 forward_branches=12464 reversed_branches=3038
{
  "experiment_id": "INTERRUPT-CONFIRMATION-CAPTURE-001",
  "episodes": 128,
  "scenes": 8,
  "decisions": 1029,
  "forward_branches": 12464,
  "reversed_decisions": 256,
  "reversed_branches": 3038,
  "selected_sentinels_passed": 1029,
  "order_checks_passed": 3038,
  "max_sentinel_endpoint_error_m": 0.0,
  "max_order_endpoint_error_m": 0.0,
  "sentinel_sensor_matches": 1029,
  "order_sensor_matches": 3038,
  "all_required_gates_passed": true,
  "baseline_noninterference_passed": true,
  "all_admissible_options_complete": true,
  "masked_budget_options_skipped": 160,
  "limits": "Confirmation capture; no outcome-based intervention labels.",
  "privileged_analysis_only": true
}
