{
  "experiment_id": "GRAPH-VALUE-PROSPECTIVE-REPLICATION-001-cost_own",
  "mode": "disabled",
  "all_required_gates_passed": true,
  "source_capture": "research/results/graph_value_prospective_replication_001/capture_001",
  "schedule_sha256": "a0feb26cd9cbe5b008284a0765359f5afb69a762edefcceb0498ed6b13584dd6",
  "source_capture_manifest_sha256": "4cf33898afa632fa68c8125f5290a259dee9b47f8ba864e34c65f08886b8d302",
  "episodes": 96,
  "decisions": 724,
  "unchanged_metric_comparison": {
    "passed": true,
    "episodes": 96,
    "metric_comparisons": 1728,
    "max_absolute_delta": 0.0,
    "issues": []
  },
  "aggregate_comparison": {
    "passed": true,
    "episodes": 1,
    "metric_comparisons": 18,
    "max_absolute_delta": 0.0,
    "issues": []
  },
  "exact_trace_comparisons": 724,
  "trace_differences": [],
  "interventions": 0,
  "hook_summary": {
    "hook_completed": true,
    "enabled": false,
    "decisions": 724,
    "prefix_states_verified": 724,
    "encountered_episodes": [
      "10154",
      "10175",
      "10295",
      "10355",
      "10430",
      "10490",
      "10583",
      "10667",
      "1074",
      "10826",
      "1116",
      "1153",
      "1583",
      "1625",
      "1712",
      "1742",
      "1943",
      "2024",
      "2069",
      "2078",
      "2228",
      "2288",
      "2378",
      "2477",
      "2519",
      "2762",
      "2786",
      "3131",
      "3203",
      "3326",
      "3605",
      "3776",
      "4010",
      "4067",
      "418",
      "4280",
      "4310",
      "4616",
      "4790",
      "4841",
      "4922",
      "5141",
      "5150",
      "5192",
      "5285",
      "5573",
      "563",
      "575",
      "6020",
      "6098",
      "6173",
      "6179",
      "6344",
      "6509",
      "6596",
      "6644",
      "6680",
      "6752",
      "6884",
      "7091",
      "7094",
      "7352",
      "7370",
      "7478",
      "7661",
      "7676",
      "8057",
      "8153",
      "8537",
      "8582",
      "8822",
      "8963",
      "9092",
      "9524"
    ],
    "intervened_episodes": [],
    "privileged_analysis_only": true,
    "no_model_trained": true
  },
  "intervention_source_hashes": {
    "vlnce_baselines/adaptive_action/single_intervention.py": "2274f37666a7c531b334115f7cf616cf1150f7a68e42937e020df4477bd285cd",
    "research/tools/run_single_intervention.py": "41e993beb9c735942218969e4ae311d9c4fab0659f9b33ebb53e873954942e6d"
  },
  "privileged_analysis_only": false,
  "learned_model_evaluated": false,
  "limits": "Prospective route-disjoint training replication, overlapping scenes, baseline trained on train; one simulator seed; offline intervention harness, not benchmark."
}
