{
  "experiment_id": "GRAPH-VALUE-PROSPECTIVE-REPLICATION-001-cost_matched",
  "mode": "disabled",
  "all_required_gates_passed": true,
  "source_capture": "research/results/graph_value_prospective_replication_001/capture_001",
  "schedule_sha256": "e034ba062538ec927e84e06192c8bc61e86ec0ef3e934af5e85e695947599eae",
  "source_capture_manifest_sha256": "4cf33898afa632fa68c8125f5290a259dee9b47f8ba864e34c65f08886b8d302",
  "episodes": 96,
  "decisions": 724,
  "unchanged_metric_comparison": {
    "passed": true,
    "episodes": 96,
    "metric_comparisons": 1728,
    "max_absolute_delta": 0.0,
    "issues": []
  },
  "aggregate_comparison": {
    "passed": true,
    "episodes": 1,
    "metric_comparisons": 18,
    "max_absolute_delta": 0.0,
    "issues": []
  },
  "exact_trace_comparisons": 724,
  "trace_differences": [],
  "interventions": 0,
  "hook_summary": {
    "hook_completed": true,
    "enabled": false,
    "decisions": 724,
    "prefix_states_verified": 724,
    "encountered_episodes": [
      "10430",
      "10490",
      "1583",
      "1943",
      "2024",
      "2228",
      "2378",
      "2477",
      "2519",
      "4067",
      "418",
      "4280",
      "4616",
      "4790",
      "4841",
      "5192",
      "6020",
      "6098",
      "7478",
      "7661",
      "7676",
      "8582",
      "9092"
    ],
    "intervened_episodes": [],
    "privileged_analysis_only": true,
    "no_model_trained": true
  },
  "intervention_source_hashes": {
    "vlnce_baselines/adaptive_action/single_intervention.py": "2274f37666a7c531b334115f7cf616cf1150f7a68e42937e020df4477bd285cd",
    "research/tools/run_single_intervention.py": "41e993beb9c735942218969e4ae311d9c4fab0659f9b33ebb53e873954942e6d"
  },
  "privileged_analysis_only": false,
  "learned_model_evaluated": false,
  "limits": "Prospective route-disjoint training replication, overlapping scenes, baseline trained on train; one simulator seed; offline intervention harness, not benchmark."
}
