{
  "experiment_id": "GRAPH-VALUE-PROSPECTIVE-REPLICATION-001-random_20261032",
  "mode": "enabled",
  "all_required_gates_passed": true,
  "source_capture": "research/results/graph_value_prospective_replication_001/capture_001",
  "schedule_sha256": "e959a48fb9c2f5a52b9f61a043b080ce18727fedde00d239bcd7a0c1a03f7973",
  "source_capture_manifest_sha256": "4cf33898afa632fa68c8125f5290a259dee9b47f8ba864e34c65f08886b8d302",
  "episodes": 96,
  "decisions": 750,
  "unchanged_metric_comparison": {
    "passed": true,
    "episodes": 70,
    "metric_comparisons": 1260,
    "max_absolute_delta": 0.0,
    "issues": []
  },
  "aggregate_comparison": null,
  "exact_trace_comparisons": 625,
  "trace_differences": [],
  "interventions": 26,
  "hook_summary": {
    "hook_completed": true,
    "enabled": true,
    "decisions": 750,
    "prefix_states_verified": 651,
    "encountered_episodes": [
      "10430",
      "10490",
      "1943",
      "2024",
      "2228",
      "2378",
      "2477",
      "2519",
      "3203",
      "4010",
      "418",
      "4280",
      "4616",
      "4841",
      "4904",
      "5192",
      "5573",
      "6020",
      "6098",
      "7091",
      "7478",
      "7661",
      "7676",
      "8057",
      "8582",
      "9092"
    ],
    "intervened_episodes": [
      "10430",
      "10490",
      "1943",
      "2024",
      "2228",
      "2378",
      "2477",
      "2519",
      "3203",
      "4010",
      "418",
      "4280",
      "4616",
      "4841",
      "4904",
      "5192",
      "5573",
      "6020",
      "6098",
      "7091",
      "7478",
      "7661",
      "7676",
      "8057",
      "8582",
      "9092"
    ],
    "privileged_analysis_only": true,
    "no_model_trained": true
  },
  "intervention_source_hashes": {
    "vlnce_baselines/adaptive_action/single_intervention.py": "2274f37666a7c531b334115f7cf616cf1150f7a68e42937e020df4477bd285cd",
    "research/tools/run_single_intervention.py": "41e993beb9c735942218969e4ae311d9c4fab0659f9b33ebb53e873954942e6d"
  },
  "privileged_analysis_only": false,
  "learned_model_evaluated": false,
  "limits": "Prospective route-disjoint training replication, overlapping scenes, baseline trained on train; one simulator seed; offline intervention harness, not benchmark."
}
