{
  "experiment_id": "GRAPH-VALUE-PROSPECTIVE-REPLICATION-001",
  "probe_dir": "research/results/graph_value_prospective_replication_001/probe_full001",
  "episodes": 96,
  "scenes": 8,
  "total_decisions": 724,
  "eligible_nonstop_states": 628,
  "stop_states_excluded": 96,
  "masked_budget_options_skipped": 101,
  "mean_selected_progress_m": 1.0478923871140382,
  "mean_best_progress_m": 1.2691028518542933,
  "cost_controls_include_selected": true,
  "metrics": {
    "gain_m": {
      "mean": 0.22121046474025508,
      "median": 0.0,
      "p90": 0.2572327256202701,
      "max": 11.962669372558594,
      "positive_states": 86,
      "states_at_least_025m": 64,
      "episode_bootstrap": {
        "clusters": 96,
        "decision_weighted_mean_m": 0.22121046474025508,
        "equal_cluster_mean_m": 0.16026389020315482,
        "ci95_m": [
          0.08481898683118509,
          0.43858392380081185
        ]
      },
      "scene_bootstrap": {
        "clusters": 8,
        "decision_weighted_mean_m": 0.22121046474025508,
        "equal_cluster_mean_m": 0.2204029508600167,
        "ci95_m": [
          0.0799544917973169,
          0.41284955774202936
        ],
        "warning": "Few clusters; interval is exploratory."
      }
    },
    "primitive_capped_gain_m": {
      "mean": 0.05467373652348093,
      "median": 0.0,
      "p90": 0.0,
      "max": 4.247763276100159,
      "positive_states": 40,
      "states_at_least_025m": 29,
      "episode_bootstrap": {
        "clusters": 96,
        "decision_weighted_mean_m": 0.05467373652348093,
        "equal_cluster_mean_m": 0.04681743942499036,
        "ci95_m": [
          0.027725466433009473,
          0.08869693953448653
        ]
      },
      "scene_bootstrap": {
        "clusters": 8,
        "decision_weighted_mean_m": 0.05467373652348093,
        "equal_cluster_mean_m": 0.053940234660687314,
        "ci95_m": [
          0.022491368900511656,
          0.09265891721168996
        ],
        "warning": "Few clusters; interval is exploratory."
      }
    },
    "path_capped_gain_m": {
      "mean": 0.06998208829551746,
      "median": 0.0,
      "p90": 0.0,
      "max": 4.247763276100159,
      "positive_states": 38,
      "states_at_least_025m": 35,
      "episode_bootstrap": {
        "clusters": 96,
        "decision_weighted_mean_m": 0.06998208829551746,
        "equal_cluster_mean_m": 0.057177082033798336,
        "ci95_m": [
          0.030313251239799225,
          0.12654320389230064
        ]
      },
      "scene_bootstrap": {
        "clusters": 8,
        "decision_weighted_mean_m": 0.06998208829551746,
        "equal_cluster_mean_m": 0.07050975225038217,
        "ci95_m": [
          0.02964433358480293,
          0.12855891588946095
        ],
        "warning": "Few clusters; interval is exploratory."
      }
    },
    "both_costs_capped_gain_m": {
      "mean": 0.04188689712885838,
      "median": 0.0,
      "p90": 0.0,
      "max": 4.247763276100159,
      "positive_states": 27,
      "states_at_least_025m": 23,
      "episode_bootstrap": {
        "clusters": 96,
        "decision_weighted_mean_m": 0.04188689712885838,
        "equal_cluster_mean_m": 0.03518873470534802,
        "ci95_m": [
          0.016254894549809655,
          0.07500284533658814
        ]
      },
      "scene_bootstrap": {
        "clusters": 8,
        "decision_weighted_mean_m": 0.04188689712885838,
        "equal_cluster_mean_m": 0.042239755951324454,
        "ci95_m": [
          0.015977742570119666,
          0.07856213401367025
        ],
        "warning": "Few clusters; interval is exploratory."
      }
    },
    "current_plus_selected_gain_m": {
      "mean": 0.12134845220264356,
      "median": 0.0,
      "p90": 0.1540274620056171,
      "max": 4.247763276100159,
      "positive_states": 80,
      "states_at_least_025m": 57,
      "episode_bootstrap": {
        "clusters": 96,
        "decision_weighted_mean_m": 0.12134845220264356,
        "equal_cluster_mean_m": 0.09393927410180884,
        "ci95_m": [
          0.06707171289885316,
          0.192615591754558
        ]
      },
      "scene_bootstrap": {
        "clusters": 8,
        "decision_weighted_mean_m": 0.12134845220264356,
        "equal_cluster_mean_m": 0.11742332596306673,
        "ci95_m": [
          0.06036533033112427,
          0.185107436468306
        ],
        "warning": "Few clusters; interval is exploratory."
      }
    },
    "historical_extra_gain_m": {
      "mean": 0.09986201253761152,
      "median": 0.0,
      "p90": 0.0,
      "max": 11.13797378540039,
      "positive_states": 25,
      "states_at_least_025m": 23,
      "episode_bootstrap": {
        "clusters": 96,
        "decision_weighted_mean_m": 0.09986201253761152,
        "equal_cluster_mean_m": 0.06632461610134599,
        "ci95_m": [
          0.0112581592286996,
          0.2550299043244081
        ]
      },
      "scene_bootstrap": {
        "clusters": 8,
        "decision_weighted_mean_m": 0.09986201253761152,
        "equal_cluster_mean_m": 0.10297962489694996,
        "ci95_m": [
          0.014266476118325124,
          0.23391350347871068
        ],
        "warning": "Few clusters; interval is exploratory."
      }
    }
  },
  "by_scene": {
    "data/scene_datasets/mp3d/D7N2EKCX4Sj/D7N2EKCX4Sj.glb": {
      "states": 73,
      "episodes": 12,
      "gain_m": 0.8689040664124162,
      "both_costs_capped_gain_m": 0.16518841867577538
    },
    "data/scene_datasets/mp3d/ZMojNkEp431/ZMojNkEp431.glb": {
      "states": 86,
      "episodes": 12,
      "gain_m": 0.15276092429493748,
      "both_costs_capped_gain_m": 0.024377608022024464
    },
    "data/scene_datasets/mp3d/sKLMLpTHeUy/sKLMLpTHeUy.glb": {
      "states": 77,
      "episodes": 12,
      "gain_m": 0.024139594722103763,
      "both_costs_capped_gain_m": 0.004246482601413479
    },
    "data/scene_datasets/mp3d/Vvot9Ly1tCj/Vvot9Ly1tCj.glb": {
      "states": 97,
      "episodes": 12,
      "gain_m": 0.23267041914856312,
      "both_costs_capped_gain_m": 0.0590179350572763
    },
    "data/scene_datasets/mp3d/8WUmhLawc2A/8WUmhLawc2A.glb": {
      "states": 86,
      "episodes": 12,
      "gain_m": 0.12106957598481068,
      "both_costs_capped_gain_m": 0.031297603665396224
    },
    "data/scene_datasets/mp3d/pRbA3pwrgk9/pRbA3pwrgk9.glb": {
      "states": 78,
      "episodes": 12,
      "gain_m": 0.31482029801759964,
      "both_costs_capped_gain_m": 0.016423366008660734
    },
    "data/scene_datasets/mp3d/17DRP5sb8fy/17DRP5sb8fy.glb": {
      "states": 52,
      "episodes": 12,
      "gain_m": 0.03343889804986807,
      "both_costs_capped_gain_m": 0.03061321607002845
    },
    "data/scene_datasets/mp3d/1pXnuDYAj8r/1pXnuDYAj8r.glb": {
      "states": 79,
      "episodes": 12,
      "gain_m": 0.015419830249834664,
      "both_costs_capped_gain_m": 0.006753417510020582
    }
  },
  "best_uses_more_primitives_states": 57,
  "best_uses_longer_path_states": 62,
  "privileged_analysis_only": true,
  "learned_model_evaluated": false,
  "limits": "Local goal-progress comparisons, not episode success improvement or a certified optimal bound; bootstrap is descriptive, not independent training seeds."
}
