{
  "experiment_id": "GRAPH-VALUE-PROSPECTIVE-REPLICATION-001",
  "baseline_noninterference_gate_passed": true,
  "episode_comparison": {
    "passed": true,
    "episodes": 96,
    "metric_comparisons": 1728,
    "max_absolute_delta": 0.0,
    "issues": []
  },
  "aggregate_comparison": {
    "passed": true,
    "episodes": 1,
    "metric_comparisons": 18,
    "max_absolute_delta": 0.0,
    "issues": []
  },
  "sources": {
    "capture_episodes": {
      "path": "data/logs/eval_results/aaa_gv_prospective001_capture/stats_ep_ckpt_59_train_r0_w1.json",
      "sha256": "86256b985311a7f4d4c8e0bb522c481762e1208a94cbb6c089aef3b83fe9b544"
    },
    "capture_aggregate": {
      "path": "data/logs/eval_results/aaa_gv_prospective001_capture/stats_ckpt_59_train.json",
      "sha256": "18208ce709c7f302aa09f1d9fd8282c902d55a1d70c5834b1888cd6c8398db7d"
    },
    "control_episodes": {
      "path": "data/logs/eval_results/aaa_gv_prospective001_control/stats_ep_ckpt_59_train_r0_w1.json",
      "sha256": "86256b985311a7f4d4c8e0bb522c481762e1208a94cbb6c089aef3b83fe9b544"
    },
    "control_aggregate": {
      "path": "data/logs/eval_results/aaa_gv_prospective001_control/stats_ckpt_59_train.json",
      "sha256": "18208ce709c7f302aa09f1d9fd8282c902d55a1d70c5834b1888cd6c8398db7d"
    }
  },
  "config": {
    "experiment_id": "GRAPH-VALUE-PROSPECTIVE-REPLICATION-001",
    "base_config": "run_r2r/iter_train.yaml",
    "checkpoint": "data/logs/checkpoints/release_r2r/ckpt.iter12000.pth",
    "split": "train",
    "episodes": 96,
    "seed": 100,
    "dataset_path": "research/results/graph_value_prospective_replication_001/sampling_001/train96_bertidx.json.gz",
    "sampling_manifest": "research/results/graph_value_prospective_replication_001/sampling_001/manifest.json",
    "capture_graph_options": true,
    "allow_sliding": true,
    "tryout_effective": false,
    "back_algo": "control",
    "replay_modes": [
      "sequential",
      "isolated_branch"
    ],
    "reverse_states_per_episode": 2,
    "reverse_selection_seed": 20261025,
    "gates": {
      "endpoint_tolerance_m": 1e-05,
      "rotation_tolerance_rad": 1e-05,
      "progress_tolerance_m": 1e-05,
      "primitive_action_sequence_exact": true,
      "per_primitive_collision_sequence_exact": true,
      "rng_post_exact": true,
      "terminal_flag_exact": true,
      "baseline_episode_metrics_tolerance": 1e-06
    },
    "analysis": {
      "primary": "Prospective full vs reduced scorer replication",
      "no_outcome_sampling": true,
      "bootstrap_seed": 20261025,
      "bootstrap_samples": 5000
    },
    "purpose": "Prospectively frozen route-disjoint replication and reduced execution-distance feature control",
    "limits": "96 train routes / 8 scenes; research-route holdout, scene overlap allowed; checkpoint trained on train; seed 100; not benchmark.",
    "sampling": {
      "experiment_id": "GRAPH-VALUE-PROSPECTIVE-REPLICATION-001",
      "source": "data/datasets/R2R_VLNCE_v1-2_preprocessed_BERTidx/train/train_bertidx.json.gz",
      "scenes": 8,
      "routes_per_scene": 12,
      "selection_seed": 20261024,
      "output_dir": "research/results/graph_value_prospective_replication_001/sampling_001",
      "dataset_filename": "train96_bertidx.json.gz",
      "exclude_sources": [
        "research/results/graph_option_pilot/train8_sampling/manifest.json",
        "research/results/graph_option_train64/sampling_001/manifest.json",
        "research/results/continuation_label_train64/sampling_001/manifest.json",
        "research/results/full_return_label_train16/sampling_001/manifest.json",
        "research/results/graph_value_fresh_train64/sampling_001/manifest.json",
        "research/results/graph_value_route_disjoint_confirmation_train96/sampling_001/manifest.json",
        "research/results/action_abstraction/ranker_train64_oracle.jsonl",
        "research/results/action_abstraction/ranker_embedding_train64_oracle.jsonl",
        "research/results/action_abstraction/ranker_embedding_train320_oracle.jsonl",
        "research/results/action_abstraction/ranker_embedding_train960_oracle.jsonl",
        "data/datasets/R2R_VLNCE_v1-2_preprocessed_BERTidx/val_seen/val_seen_bertidx.json.gz",
        "data/datasets/R2R_VLNCE_v1-2_preprocessed_BERTidx/val_unseen/val_unseen_bertidx.json.gz",
        "research/results/graph_value_route_disjoint_confirmation_train96/sampling_002/manifest.json"
      ]
    },
    "protocol": "research/GRAPH_VALUE_PROSPECTIVE_REPLICATION_PROTOCOL.md",
    "continuation_protocol": "research/GRAPH_VALUE_PROSPECTIVE_REPLICATION_PROTOCOL.md",
    "route_protocol": "research/ROUTE_COMPATIBILITY_PROTOCOL.md",
    "replication": {
      "root": "research/results/graph_value_prospective_replication_001",
      "full_model": "research/results/graph_value_prospective_replication_001/models/full.json",
      "cost_model": "research/results/graph_value_prospective_replication_001/models/cost.json",
      "random_seeds": [
        20261031,
        20261032,
        20261033
      ],
      "arms": [
        "full",
        "cost_own",
        "cost_matched",
        "random_20261031",
        "random_20261032",
        "random_20261033"
      ]
    }
  },
  "git_commit": "6fb04822b81c5a08003b11271d6d9b9ecbaf763c",
  "metrics": {
    "steps_taken": 56.3125,
    "distance_to_goal": 1.4978453343889366,
    "success": 0.9166666666666666,
    "oracle_success": 0.96875,
    "path_length": 9.120150337616602,
    "collisions": 0.048612837673451675,
    "spl": 0.8444283935940368,
    "ndtw": 0.8485722498767173,
    "sdtw": 0.8119359200727664,
    "ghost_cnt": 21.885416666666668,
    "high_level_steps": 7.541666666666667,
    "policy_stop_count": 0.9791666666666666,
    "forced_stop_count": 0.020833333333333332,
    "forced_stop_max_len_count": 0.020833333333333332,
    "forced_stop_no_vp_count": 0.0,
    "policy_stop_rate": 0.14587565212565198,
    "forced_stop_rate": 0.001388888888888889,
    "actual_stop_rate": 0.14726454101454087
  },
  "limits": "Metric equality tests tracing only; does not establish alternative-action validity or runtime neutrality."
}
