Renderer: NVIDIA GeForce RTX 4090/PCIe/SSE2 by NVIDIA Corporation
OpenGL version: 4.6.0 NVIDIA 595.84
Using optional features:
    GL_ARB_ES2_compatibility
    GL_ARB_direct_state_access
    GL_ARB_get_texture_sub_image
    GL_ARB_invalidate_subdata
    GL_ARB_multi_bind
    GL_ARB_robustness
    GL_ARB_separate_shader_objects
    GL_ARB_texture_filter_anisotropic
    GL_ARB_texture_storage
    GL_ARB_texture_storage_multisample
    GL_ARB_vertex_array_object
    GL_KHR_debug
Using driver workarounds:
    no-forward-compatible-core-context
    nv-egl-incorrect-gl11-function-pointers
    no-layout-qualifiers-on-old-glsl
    nv-zero-context-profile-mask
    nv-implementation-color-read-format-dsa-broken
    nv-cubemap-inconsistent-compressed-image-size
    nv-cubemap-broken-full-compressed-image-query
    nv-compressed-block-size-in-bits
episode=8963 decisions=6 forward_branches=60 reversed_branches=26
episode=10430 decisions=15 forward_branches=146 reversed_branches=50
episode=4922 decisions=22 forward_branches=201 reversed_branches=64
episode=275 decisions=26 forward_branches=233 reversed_branches=77
episode=1943 decisions=33 forward_branches=294 reversed_branches=97
episode=2882 decisions=38 forward_branches=343 reversed_branches=115
episode=2378 decisions=43 forward_branches=385 reversed_branches=132
episode=7661 decisions=55 forward_branches=542 reversed_branches=145
episode=6509 decisions=60 forward_branches=583 reversed_branches=167
episode=8822 decisions=69 forward_branches=684 reversed_branches=189
episode=6173 decisions=75 forward_branches=737 reversed_branches=206
episode=4790 decisions=85 forward_branches=864 reversed_branches=230
Renderer: NVIDIA GeForce RTX 4090/PCIe/SSE2 by NVIDIA Corporation
OpenGL version: 4.6.0 NVIDIA 595.84
Using optional features:
    GL_ARB_ES2_compatibility
    GL_ARB_direct_state_access
    GL_ARB_get_texture_sub_image
    GL_ARB_invalidate_subdata
    GL_ARB_multi_bind
    GL_ARB_robustness
    GL_ARB_separate_shader_objects
    GL_ARB_texture_filter_anisotropic
    GL_ARB_texture_storage
    GL_ARB_texture_storage_multisample
    GL_ARB_vertex_array_object
    GL_KHR_debug
Using driver workarounds:
    no-forward-compatible-core-context
    nv-egl-incorrect-gl11-function-pointers
    no-layout-qualifiers-on-old-glsl
    nv-zero-context-profile-mask
    nv-implementation-color-read-format-dsa-broken
    nv-cubemap-inconsistent-compressed-image-size
    nv-cubemap-broken-full-compressed-image-query
    nv-compressed-block-size-in-bits
episode=4067 decisions=96 forward_branches=1007 reversed_branches=260
episode=5396 decisions=101 forward_branches=1041 reversed_branches=272
episode=10667 decisions=111 forward_branches=1155 reversed_branches=293
episode=4616 decisions=124 forward_branches=1409 reversed_branches=359
episode=2024 decisions=131 forward_branches=1496 reversed_branches=386
episode=6680 decisions=136 forward_branches=1550 reversed_branches=401
episode=2288 decisions=142 forward_branches=1621 reversed_branches=433
episode=10583 decisions=149 forward_branches=1708 reversed_branches=450
episode=3203 decisions=160 forward_branches=1901 reversed_branches=492
episode=6179 decisions=170 forward_branches=2058 reversed_branches=514
episode=10085 decisions=175 forward_branches=2083 reversed_branches=523
episode=527 decisions=183 forward_branches=2187 reversed_branches=538
Renderer: NVIDIA GeForce RTX 4090/PCIe/SSE2 by NVIDIA Corporation
OpenGL version: 4.6.0 NVIDIA 595.84
Using optional features:
    GL_ARB_ES2_compatibility
    GL_ARB_direct_state_access
    GL_ARB_get_texture_sub_image
    GL_ARB_invalidate_subdata
    GL_ARB_multi_bind
    GL_ARB_robustness
    GL_ARB_separate_shader_objects
    GL_ARB_texture_filter_anisotropic
    GL_ARB_texture_storage
    GL_ARB_texture_storage_multisample
    GL_ARB_vertex_array_object
    GL_KHR_debug
Using driver workarounds:
    no-forward-compatible-core-context
    nv-egl-incorrect-gl11-function-pointers
    no-layout-qualifiers-on-old-glsl
    nv-zero-context-profile-mask
    nv-implementation-color-read-format-dsa-broken
    nv-cubemap-inconsistent-compressed-image-size
    nv-cubemap-broken-full-compressed-image-query
    nv-compressed-block-size-in-bits
episode=6113 decisions=190 forward_branches=2251 reversed_branches=561
episode=1397 decisions=201 forward_branches=2345 reversed_branches=576
episode=370 decisions=209 forward_branches=2410 reversed_branches=596
episode=8537 decisions=214 forward_branches=2447 reversed_branches=606
episode=9092 decisions=220 forward_branches=2511 reversed_branches=630
episode=418 decisions=228 forward_branches=2601 reversed_branches=644
episode=4904 decisions=235 forward_branches=2668 reversed_branches=665
episode=2069 decisions=244 forward_branches=2768 reversed_branches=682
episode=10175 decisions=250 forward_branches=2816 reversed_branches=690
episode=2786 decisions=256 forward_branches=2874 reversed_branches=712
episode=8153 decisions=263 forward_branches=2936 reversed_branches=728
episode=5990 decisions=272 forward_branches=3009 reversed_branches=744
Renderer: NVIDIA GeForce RTX 4090/PCIe/SSE2 by NVIDIA Corporation
OpenGL version: 4.6.0 NVIDIA 595.84
Using optional features:
    GL_ARB_ES2_compatibility
    GL_ARB_direct_state_access
    GL_ARB_get_texture_sub_image
    GL_ARB_invalidate_subdata
    GL_ARB_multi_bind
    GL_ARB_robustness
    GL_ARB_separate_shader_objects
    GL_ARB_texture_filter_anisotropic
    GL_ARB_texture_storage
    GL_ARB_texture_storage_multisample
    GL_ARB_vertex_array_object
    GL_KHR_debug
Using driver workarounds:
    no-forward-compatible-core-context
    nv-egl-incorrect-gl11-function-pointers
    no-layout-qualifiers-on-old-glsl
    nv-zero-context-profile-mask
    nv-implementation-color-read-format-dsa-broken
    nv-cubemap-inconsistent-compressed-image-size
    nv-cubemap-broken-full-compressed-image-query
    nv-compressed-block-size-in-bits
episode=7370 decisions=279 forward_branches=3088 reversed_branches=761
episode=7187 decisions=285 forward_branches=3158 reversed_branches=778
episode=563 decisions=295 forward_branches=3295 reversed_branches=803
episode=7478 decisions=302 forward_branches=3370 reversed_branches=817
episode=178 decisions=308 forward_branches=3422 reversed_branches=839
episode=2078 decisions=314 forward_branches=3475 reversed_branches=862
episode=7091 decisions=325 forward_branches=3651 reversed_branches=893
episode=1712 decisions=334 forward_branches=3765 reversed_branches=929
episode=10826 decisions=344 forward_branches=3920 reversed_branches=957
episode=6020 decisions=359 forward_branches=4140 reversed_branches=1000
episode=4280 decisions=366 forward_branches=4208 reversed_branches=1026
episode=4010 decisions=381 forward_branches=4435 reversed_branches=1066
Renderer: NVIDIA GeForce RTX 4090/PCIe/SSE2 by NVIDIA Corporation
OpenGL version: 4.6.0 NVIDIA 595.84
Using optional features:
    GL_ARB_ES2_compatibility
    GL_ARB_direct_state_access
    GL_ARB_get_texture_sub_image
    GL_ARB_invalidate_subdata
    GL_ARB_multi_bind
    GL_ARB_robustness
    GL_ARB_separate_shader_objects
    GL_ARB_texture_filter_anisotropic
    GL_ARB_texture_storage
    GL_ARB_texture_storage_multisample
    GL_ARB_vertex_array_object
    GL_KHR_debug
Using driver workarounds:
    no-forward-compatible-core-context
    nv-egl-incorrect-gl11-function-pointers
    no-layout-qualifiers-on-old-glsl
    nv-zero-context-profile-mask
    nv-implementation-color-read-format-dsa-broken
    nv-cubemap-inconsistent-compressed-image-size
    nv-cubemap-broken-full-compressed-image-query
    nv-compressed-block-size-in-bits
episode=10295 decisions=387 forward_branches=4486 reversed_branches=1085
episode=4310 decisions=398 forward_branches=4609 reversed_branches=1103
episode=9299 decisions=406 forward_branches=4691 reversed_branches=1127
episode=7352 decisions=411 forward_branches=4726 reversed_branches=1143
episode=3326 decisions=417 forward_branches=4787 reversed_branches=1162
episode=7676 decisions=428 forward_branches=4900 reversed_branches=1178
episode=8708 decisions=435 forward_branches=4953 reversed_branches=1193
episode=5462 decisions=443 forward_branches=5055 reversed_branches=1228
episode=2519 decisions=452 forward_branches=5178 reversed_branches=1254
episode=6644 decisions=465 forward_branches=5432 reversed_branches=1315
episode=6596 decisions=472 forward_branches=5500 reversed_branches=1341
episode=7094 decisions=479 forward_branches=5575 reversed_branches=1366
Renderer: NVIDIA GeForce RTX 4090/PCIe/SSE2 by NVIDIA Corporation
OpenGL version: 4.6.0 NVIDIA 595.84
Using optional features:
    GL_ARB_ES2_compatibility
    GL_ARB_direct_state_access
    GL_ARB_get_texture_sub_image
    GL_ARB_invalidate_subdata
    GL_ARB_multi_bind
    GL_ARB_robustness
    GL_ARB_separate_shader_objects
    GL_ARB_texture_filter_anisotropic
    GL_ARB_texture_storage
    GL_ARB_texture_storage_multisample
    GL_ARB_vertex_array_object
    GL_KHR_debug
Using driver workarounds:
    no-forward-compatible-core-context
    nv-egl-incorrect-gl11-function-pointers
    no-layout-qualifiers-on-old-glsl
    nv-zero-context-profile-mask
    nv-implementation-color-read-format-dsa-broken
    nv-cubemap-inconsistent-compressed-image-size
    nv-cubemap-broken-full-compressed-image-query
    nv-compressed-block-size-in-bits
episode=5285 decisions=486 forward_branches=5638 reversed_branches=1385
episode=3776 decisions=494 forward_branches=5702 reversed_branches=1400
episode=2228 decisions=500 forward_branches=5755 reversed_branches=1413
episode=8057 decisions=509 forward_branches=5853 reversed_branches=1428
episode=1583 decisions=515 forward_branches=5907 reversed_branches=1446
episode=8582 decisions=521 forward_branches=5957 reversed_branches=1462
episode=5891 decisions=525 forward_branches=5986 reversed_branches=1483
episode=5192 decisions=531 forward_branches=6044 reversed_branches=1498
episode=10490 decisions=543 forward_branches=6190 reversed_branches=1528
episode=1625 decisions=549 forward_branches=6247 reversed_branches=1541
episode=2762 decisions=554 forward_branches=6281 reversed_branches=1556
episode=6098 decisions=569 forward_branches=6434 reversed_branches=1569
Renderer: NVIDIA GeForce RTX 4090/PCIe/SSE2 by NVIDIA Corporation
OpenGL version: 4.6.0 NVIDIA 595.84
Using optional features:
    GL_ARB_ES2_compatibility
    GL_ARB_direct_state_access
    GL_ARB_get_texture_sub_image
    GL_ARB_invalidate_subdata
    GL_ARB_multi_bind
    GL_ARB_robustness
    GL_ARB_separate_shader_objects
    GL_ARB_texture_filter_anisotropic
    GL_ARB_texture_storage
    GL_ARB_texture_storage_multisample
    GL_ARB_vertex_array_object
    GL_KHR_debug
Using driver workarounds:
    no-forward-compatible-core-context
    nv-egl-incorrect-gl11-function-pointers
    no-layout-qualifiers-on-old-glsl
    nv-zero-context-profile-mask
    nv-implementation-color-read-format-dsa-broken
    nv-cubemap-inconsistent-compressed-image-size
    nv-cubemap-broken-full-compressed-image-query
    nv-compressed-block-size-in-bits
episode=10355 decisions=574 forward_branches=6476 reversed_branches=1592
episode=10154 decisions=580 forward_branches=6548 reversed_branches=1616
episode=1074 decisions=585 forward_branches=6596 reversed_branches=1635
episode=5150 decisions=589 forward_branches=6626 reversed_branches=1653
episode=1116 decisions=595 forward_branches=6685 reversed_branches=1673
episode=3899 decisions=600 forward_branches=6728 reversed_branches=1694
episode=9524 decisions=604 forward_branches=6753 reversed_branches=1707
episode=5795 decisions=609 forward_branches=6796 reversed_branches=1726
episode=8504 decisions=615 forward_branches=6836 reversed_branches=1747
episode=5573 decisions=621 forward_branches=6879 reversed_branches=1763
episode=3605 decisions=626 forward_branches=6924 reversed_branches=1783
episode=575 decisions=633 forward_branches=6985 reversed_branches=1802
Renderer: NVIDIA GeForce RTX 4090/PCIe/SSE2 by NVIDIA Corporation
OpenGL version: 4.6.0 NVIDIA 595.84
Using optional features:
    GL_ARB_ES2_compatibility
    GL_ARB_direct_state_access
    GL_ARB_get_texture_sub_image
    GL_ARB_invalidate_subdata
    GL_ARB_multi_bind
    GL_ARB_robustness
    GL_ARB_separate_shader_objects
    GL_ARB_texture_filter_anisotropic
    GL_ARB_texture_storage
    GL_ARB_texture_storage_multisample
    GL_ARB_vertex_array_object
    GL_KHR_debug
Using driver workarounds:
    no-forward-compatible-core-context
    nv-egl-incorrect-gl11-function-pointers
    no-layout-qualifiers-on-old-glsl
    nv-zero-context-profile-mask
    nv-implementation-color-read-format-dsa-broken
    nv-cubemap-inconsistent-compressed-image-size
    nv-cubemap-broken-full-compressed-image-query
    nv-compressed-block-size-in-bits
episode=3131 decisions=640 forward_branches=7055 reversed_branches=1825
episode=3353 decisions=650 forward_branches=7199 reversed_branches=1853
episode=6884 decisions=656 forward_branches=7261 reversed_branches=1869
episode=2477 decisions=663 forward_branches=7328 reversed_branches=1889
episode=4841 decisions=678 forward_branches=7528 reversed_branches=1903
episode=6344 decisions=687 forward_branches=7639 reversed_branches=1927
episode=6752 decisions=693 forward_branches=7682 reversed_branches=1940
episode=7295 decisions=697 forward_branches=7708 reversed_branches=1954
episode=493 decisions=706 forward_branches=7842 reversed_branches=1991
episode=5141 decisions=712 forward_branches=7904 reversed_branches=2004
episode=1742 decisions=719 forward_branches=7958 reversed_branches=2018
episode=1153 decisions=724 forward_branches=7994 reversed_branches=2032
{
  "experiment_id": "GRAPH-VALUE-PROSPECTIVE-REPLICATION-001",
  "episodes": 96,
  "scenes": 8,
  "decisions": 724,
  "forward_branches": 7994,
  "reversed_decisions": 192,
  "reversed_branches": 2032,
  "selected_sentinels_passed": 724,
  "order_checks_passed": 2032,
  "max_sentinel_endpoint_error_m": 0.0,
  "max_order_endpoint_error_m": 0.0,
  "sentinel_sensor_matches": 724,
  "order_sensor_matches": 2032,
  "all_required_gates_passed": true,
  "baseline_noninterference_passed": true,
  "all_admissible_options_complete": true,
  "masked_budget_options_skipped": 101,
  "limits": "96 train routes / 8 scenes; research-route holdout, scene overlap allowed; checkpoint trained on train; seed 100; not benchmark.",
  "privileged_analysis_only": true
}
