Renderer: NVIDIA GeForce RTX 4090/PCIe/SSE2 by NVIDIA Corporation
OpenGL version: 4.6.0 NVIDIA 595.84
Using optional features:
    GL_ARB_ES2_compatibility
    GL_ARB_direct_state_access
    GL_ARB_get_texture_sub_image
    GL_ARB_invalidate_subdata
    GL_ARB_multi_bind
    GL_ARB_robustness
    GL_ARB_separate_shader_objects
    GL_ARB_texture_filter_anisotropic
    GL_ARB_texture_storage
    GL_ARB_texture_storage_multisample
    GL_ARB_vertex_array_object
    GL_KHR_debug
Using driver workarounds:
    no-forward-compatible-core-context
    nv-egl-incorrect-gl11-function-pointers
    no-layout-qualifiers-on-old-glsl
    nv-zero-context-profile-mask
    nv-implementation-color-read-format-dsa-broken
    nv-cubemap-inconsistent-compressed-image-size
    nv-cubemap-broken-full-compressed-image-query
    nv-compressed-block-size-in-bits
local rank: 0 | dataset length: 19

Initalizing the ETP model ...
Renderer: NVIDIA GeForce RTX 4090/PCIe/SSE2 by NVIDIA Corporation
OpenGL version: 4.6.0 NVIDIA 595.84
Using optional features:
    GL_ARB_ES2_compatibility
    GL_ARB_direct_state_access
    GL_ARB_get_texture_sub_image
    GL_ARB_invalidate_subdata
    GL_ARB_multi_bind
    GL_ARB_robustness
    GL_ARB_separate_shader_objects
    GL_ARB_texture_filter_anisotropic
    GL_ARB_texture_storage
    GL_ARB_texture_storage_multisample
    GL_ARB_vertex_array_object
    GL_KHR_debug
Using driver workarounds:
    no-forward-compatible-core-context
    nv-egl-incorrect-gl11-function-pointers
    no-layout-qualifiers-on-old-glsl
    nv-zero-context-profile-mask
    nv-implementation-color-read-format-dsa-broken
    nv-cubemap-inconsistent-compressed-image-size
    nv-cubemap-broken-full-compressed-image-query
    nv-compressed-block-size-in-bits
case=control_10193 sr=1.0 ndtw=0.7547 seconds=1.96
Renderer: NVIDIA GeForce RTX 4090/PCIe/SSE2 by NVIDIA Corporation
OpenGL version: 4.6.0 NVIDIA 595.84
Using optional features:
    GL_ARB_ES2_compatibility
    GL_ARB_direct_state_access
    GL_ARB_get_texture_sub_image
    GL_ARB_invalidate_subdata
    GL_ARB_multi_bind
    GL_ARB_robustness
    GL_ARB_separate_shader_objects
    GL_ARB_texture_filter_anisotropic
    GL_ARB_texture_storage
    GL_ARB_texture_storage_multisample
    GL_ARB_vertex_array_object
    GL_KHR_debug
Using driver workarounds:
    no-forward-compatible-core-context
    nv-egl-incorrect-gl11-function-pointers
    no-layout-qualifiers-on-old-glsl
    nv-zero-context-profile-mask
    nv-implementation-color-read-format-dsa-broken
    nv-cubemap-inconsistent-compressed-image-size
    nv-cubemap-broken-full-compressed-image-query
    nv-compressed-block-size-in-bits
case=control_10506 sr=0.0 ndtw=0.1240 seconds=3.94
Renderer: NVIDIA GeForce RTX 4090/PCIe/SSE2 by NVIDIA Corporation
OpenGL version: 4.6.0 NVIDIA 595.84
Using optional features:
    GL_ARB_ES2_compatibility
    GL_ARB_direct_state_access
    GL_ARB_get_texture_sub_image
    GL_ARB_invalidate_subdata
    GL_ARB_multi_bind
    GL_ARB_robustness
    GL_ARB_separate_shader_objects
    GL_ARB_texture_filter_anisotropic
    GL_ARB_texture_storage
    GL_ARB_texture_storage_multisample
    GL_ARB_vertex_array_object
    GL_KHR_debug
Using driver workarounds:
    no-forward-compatible-core-context
    nv-egl-incorrect-gl11-function-pointers
    no-layout-qualifiers-on-old-glsl
    nv-zero-context-profile-mask
    nv-implementation-color-read-format-dsa-broken
    nv-cubemap-inconsistent-compressed-image-size
    nv-cubemap-broken-full-compressed-image-query
    nv-compressed-block-size-in-bits
case=control_10754 sr=0.0 ndtw=0.2816 seconds=2.26
Renderer: NVIDIA GeForce RTX 4090/PCIe/SSE2 by NVIDIA Corporation
OpenGL version: 4.6.0 NVIDIA 595.84
Using optional features:
    GL_ARB_ES2_compatibility
    GL_ARB_direct_state_access
    GL_ARB_get_texture_sub_image
    GL_ARB_invalidate_subdata
    GL_ARB_multi_bind
    GL_ARB_robustness
    GL_ARB_separate_shader_objects
    GL_ARB_texture_filter_anisotropic
    GL_ARB_texture_storage
    GL_ARB_texture_storage_multisample
    GL_ARB_vertex_array_object
    GL_KHR_debug
Using driver workarounds:
    no-forward-compatible-core-context
    nv-egl-incorrect-gl11-function-pointers
    no-layout-qualifiers-on-old-glsl
    nv-zero-context-profile-mask
    nv-implementation-color-read-format-dsa-broken
    nv-cubemap-inconsistent-compressed-image-size
    nv-cubemap-broken-full-compressed-image-query
    nv-compressed-block-size-in-bits
case=control_1905 sr=1.0 ndtw=0.8816 seconds=3.13
Renderer: NVIDIA GeForce RTX 4090/PCIe/SSE2 by NVIDIA Corporation
OpenGL version: 4.6.0 NVIDIA 595.84
Using optional features:
    GL_ARB_ES2_compatibility
    GL_ARB_direct_state_access
    GL_ARB_get_texture_sub_image
    GL_ARB_invalidate_subdata
    GL_ARB_multi_bind
    GL_ARB_robustness
    GL_ARB_separate_shader_objects
    GL_ARB_texture_filter_anisotropic
    GL_ARB_texture_storage
    GL_ARB_texture_storage_multisample
    GL_ARB_vertex_array_object
    GL_KHR_debug
Using driver workarounds:
    no-forward-compatible-core-context
    nv-egl-incorrect-gl11-function-pointers
    no-layout-qualifiers-on-old-glsl
    nv-zero-context-profile-mask
    nv-implementation-color-read-format-dsa-broken
    nv-cubemap-inconsistent-compressed-image-size
    nv-cubemap-broken-full-compressed-image-query
    nv-compressed-block-size-in-bits
case=control_212 sr=1.0 ndtw=0.9108 seconds=2.04
Renderer: NVIDIA GeForce RTX 4090/PCIe/SSE2 by NVIDIA Corporation
OpenGL version: 4.6.0 NVIDIA 595.84
Using optional features:
    GL_ARB_ES2_compatibility
    GL_ARB_direct_state_access
    GL_ARB_get_texture_sub_image
    GL_ARB_invalidate_subdata
    GL_ARB_multi_bind
    GL_ARB_robustness
    GL_ARB_separate_shader_objects
    GL_ARB_texture_filter_anisotropic
    GL_ARB_texture_storage
    GL_ARB_texture_storage_multisample
    GL_ARB_vertex_array_object
    GL_KHR_debug
Using driver workarounds:
    no-forward-compatible-core-context
    nv-egl-incorrect-gl11-function-pointers
    no-layout-qualifiers-on-old-glsl
    nv-zero-context-profile-mask
    nv-implementation-color-read-format-dsa-broken
    nv-cubemap-inconsistent-compressed-image-size
    nv-cubemap-broken-full-compressed-image-query
    nv-compressed-block-size-in-bits
case=control_2308 sr=1.0 ndtw=0.9144 seconds=6.79
Renderer: NVIDIA GeForce RTX 4090/PCIe/SSE2 by NVIDIA Corporation
OpenGL version: 4.6.0 NVIDIA 595.84
Using optional features:
    GL_ARB_ES2_compatibility
    GL_ARB_direct_state_access
    GL_ARB_get_texture_sub_image
    GL_ARB_invalidate_subdata
    GL_ARB_multi_bind
    GL_ARB_robustness
    GL_ARB_separate_shader_objects
    GL_ARB_texture_filter_anisotropic
    GL_ARB_texture_storage
    GL_ARB_texture_storage_multisample
    GL_ARB_vertex_array_object
    GL_KHR_debug
Using driver workarounds:
    no-forward-compatible-core-context
    nv-egl-incorrect-gl11-function-pointers
    no-layout-qualifiers-on-old-glsl
    nv-zero-context-profile-mask
    nv-implementation-color-read-format-dsa-broken
    nv-cubemap-inconsistent-compressed-image-size
    nv-cubemap-broken-full-compressed-image-query
    nv-compressed-block-size-in-bits
case=control_3404 sr=1.0 ndtw=0.9452 seconds=2.18
Renderer: NVIDIA GeForce RTX 4090/PCIe/SSE2 by NVIDIA Corporation
OpenGL version: 4.6.0 NVIDIA 595.84
Using optional features:
    GL_ARB_ES2_compatibility
    GL_ARB_direct_state_access
    GL_ARB_get_texture_sub_image
    GL_ARB_invalidate_subdata
    GL_ARB_multi_bind
    GL_ARB_robustness
    GL_ARB_separate_shader_objects
    GL_ARB_texture_filter_anisotropic
    GL_ARB_texture_storage
    GL_ARB_texture_storage_multisample
    GL_ARB_vertex_array_object
    GL_KHR_debug
Using driver workarounds:
    no-forward-compatible-core-context
    nv-egl-incorrect-gl11-function-pointers
    no-layout-qualifiers-on-old-glsl
    nv-zero-context-profile-mask
    nv-implementation-color-read-format-dsa-broken
    nv-cubemap-inconsistent-compressed-image-size
    nv-cubemap-broken-full-compressed-image-query
    nv-compressed-block-size-in-bits
case=control_3865 sr=0.0 ndtw=0.7422 seconds=1.95
Renderer: NVIDIA GeForce RTX 4090/PCIe/SSE2 by NVIDIA Corporation
OpenGL version: 4.6.0 NVIDIA 595.84
Using optional features:
    GL_ARB_ES2_compatibility
    GL_ARB_direct_state_access
    GL_ARB_get_texture_sub_image
    GL_ARB_invalidate_subdata
    GL_ARB_multi_bind
    GL_ARB_robustness
    GL_ARB_separate_shader_objects
    GL_ARB_texture_filter_anisotropic
    GL_ARB_texture_storage
    GL_ARB_texture_storage_multisample
    GL_ARB_vertex_array_object
    GL_KHR_debug
Using driver workarounds:
    no-forward-compatible-core-context
    nv-egl-incorrect-gl11-function-pointers
    no-layout-qualifiers-on-old-glsl
    nv-zero-context-profile-mask
    nv-implementation-color-read-format-dsa-broken
    nv-cubemap-inconsistent-compressed-image-size
    nv-cubemap-broken-full-compressed-image-query
    nv-compressed-block-size-in-bits
case=control_4603 sr=1.0 ndtw=0.9442 seconds=2.07
Renderer: NVIDIA GeForce RTX 4090/PCIe/SSE2 by NVIDIA Corporation
OpenGL version: 4.6.0 NVIDIA 595.84
Using optional features:
    GL_ARB_ES2_compatibility
    GL_ARB_direct_state_access
    GL_ARB_get_texture_sub_image
    GL_ARB_invalidate_subdata
    GL_ARB_multi_bind
    GL_ARB_robustness
    GL_ARB_separate_shader_objects
    GL_ARB_texture_filter_anisotropic
    GL_ARB_texture_storage
    GL_ARB_texture_storage_multisample
    GL_ARB_vertex_array_object
    GL_KHR_debug
Using driver workarounds:
    no-forward-compatible-core-context
    nv-egl-incorrect-gl11-function-pointers
    no-layout-qualifiers-on-old-glsl
    nv-zero-context-profile-mask
    nv-implementation-color-read-format-dsa-broken
    nv-cubemap-inconsistent-compressed-image-size
    nv-cubemap-broken-full-compressed-image-query
    nv-compressed-block-size-in-bits
case=control_4702 sr=0.0 ndtw=0.4377 seconds=7.25
Renderer: NVIDIA GeForce RTX 4090/PCIe/SSE2 by NVIDIA Corporation
OpenGL version: 4.6.0 NVIDIA 595.84
Using optional features:
    GL_ARB_ES2_compatibility
    GL_ARB_direct_state_access
    GL_ARB_get_texture_sub_image
    GL_ARB_invalidate_subdata
    GL_ARB_multi_bind
    GL_ARB_robustness
    GL_ARB_separate_shader_objects
    GL_ARB_texture_filter_anisotropic
    GL_ARB_texture_storage
    GL_ARB_texture_storage_multisample
    GL_ARB_vertex_array_object
    GL_KHR_debug
Using driver workarounds:
    no-forward-compatible-core-context
    nv-egl-incorrect-gl11-function-pointers
    no-layout-qualifiers-on-old-glsl
    nv-zero-context-profile-mask
    nv-implementation-color-read-format-dsa-broken
    nv-cubemap-inconsistent-compressed-image-size
    nv-cubemap-broken-full-compressed-image-query
    nv-compressed-block-size-in-bits
case=control_5247 sr=0.0 ndtw=0.6857 seconds=3.85
Renderer: NVIDIA GeForce RTX 4090/PCIe/SSE2 by NVIDIA Corporation
OpenGL version: 4.6.0 NVIDIA 595.84
Using optional features:
    GL_ARB_ES2_compatibility
    GL_ARB_direct_state_access
    GL_ARB_get_texture_sub_image
    GL_ARB_invalidate_subdata
    GL_ARB_multi_bind
    GL_ARB_robustness
    GL_ARB_separate_shader_objects
    GL_ARB_texture_filter_anisotropic
    GL_ARB_texture_storage
    GL_ARB_texture_storage_multisample
    GL_ARB_vertex_array_object
    GL_KHR_debug
Using driver workarounds:
    no-forward-compatible-core-context
    nv-egl-incorrect-gl11-function-pointers
    no-layout-qualifiers-on-old-glsl
    nv-zero-context-profile-mask
    nv-implementation-color-read-format-dsa-broken
    nv-cubemap-inconsistent-compressed-image-size
    nv-cubemap-broken-full-compressed-image-query
    nv-compressed-block-size-in-bits
case=control_5607 sr=1.0 ndtw=0.9346 seconds=3.85
Renderer: NVIDIA GeForce RTX 4090/PCIe/SSE2 by NVIDIA Corporation
OpenGL version: 4.6.0 NVIDIA 595.84
Using optional features:
    GL_ARB_ES2_compatibility
    GL_ARB_direct_state_access
    GL_ARB_get_texture_sub_image
    GL_ARB_invalidate_subdata
    GL_ARB_multi_bind
    GL_ARB_robustness
    GL_ARB_separate_shader_objects
    GL_ARB_texture_filter_anisotropic
    GL_ARB_texture_storage
    GL_ARB_texture_storage_multisample
    GL_ARB_vertex_array_object
    GL_KHR_debug
Using driver workarounds:
    no-forward-compatible-core-context
    nv-egl-incorrect-gl11-function-pointers
    no-layout-qualifiers-on-old-glsl
    nv-zero-context-profile-mask
    nv-implementation-color-read-format-dsa-broken
    nv-cubemap-inconsistent-compressed-image-size
    nv-cubemap-broken-full-compressed-image-query
    nv-compressed-block-size-in-bits
case=control_5648 sr=0.0 ndtw=0.1868 seconds=6.02
Renderer: NVIDIA GeForce RTX 4090/PCIe/SSE2 by NVIDIA Corporation
OpenGL version: 4.6.0 NVIDIA 595.84
Using optional features:
    GL_ARB_ES2_compatibility
    GL_ARB_direct_state_access
    GL_ARB_get_texture_sub_image
    GL_ARB_invalidate_subdata
    GL_ARB_multi_bind
    GL_ARB_robustness
    GL_ARB_separate_shader_objects
    GL_ARB_texture_filter_anisotropic
    GL_ARB_texture_storage
    GL_ARB_texture_storage_multisample
    GL_ARB_vertex_array_object
    GL_KHR_debug
Using driver workarounds:
    no-forward-compatible-core-context
    nv-egl-incorrect-gl11-function-pointers
    no-layout-qualifiers-on-old-glsl
    nv-zero-context-profile-mask
    nv-implementation-color-read-format-dsa-broken
    nv-cubemap-inconsistent-compressed-image-size
    nv-cubemap-broken-full-compressed-image-query
    nv-compressed-block-size-in-bits
case=control_5822 sr=1.0 ndtw=0.8011 seconds=7.13
Renderer: NVIDIA GeForce RTX 4090/PCIe/SSE2 by NVIDIA Corporation
OpenGL version: 4.6.0 NVIDIA 595.84
Using optional features:
    GL_ARB_ES2_compatibility
    GL_ARB_direct_state_access
    GL_ARB_get_texture_sub_image
    GL_ARB_invalidate_subdata
    GL_ARB_multi_bind
    GL_ARB_robustness
    GL_ARB_separate_shader_objects
    GL_ARB_texture_filter_anisotropic
    GL_ARB_texture_storage
    GL_ARB_texture_storage_multisample
    GL_ARB_vertex_array_object
    GL_KHR_debug
Using driver workarounds:
    no-forward-compatible-core-context
    nv-egl-incorrect-gl11-function-pointers
    no-layout-qualifiers-on-old-glsl
    nv-zero-context-profile-mask
    nv-implementation-color-read-format-dsa-broken
    nv-cubemap-inconsistent-compressed-image-size
    nv-cubemap-broken-full-compressed-image-query
    nv-compressed-block-size-in-bits
case=control_7362 sr=0.0 ndtw=0.6512 seconds=3.64
Renderer: NVIDIA GeForce RTX 4090/PCIe/SSE2 by NVIDIA Corporation
OpenGL version: 4.6.0 NVIDIA 595.84
Using optional features:
    GL_ARB_ES2_compatibility
    GL_ARB_direct_state_access
    GL_ARB_get_texture_sub_image
    GL_ARB_invalidate_subdata
    GL_ARB_multi_bind
    GL_ARB_robustness
    GL_ARB_separate_shader_objects
    GL_ARB_texture_filter_anisotropic
    GL_ARB_texture_storage
    GL_ARB_texture_storage_multisample
    GL_ARB_vertex_array_object
    GL_KHR_debug
Using driver workarounds:
    no-forward-compatible-core-context
    nv-egl-incorrect-gl11-function-pointers
    no-layout-qualifiers-on-old-glsl
    nv-zero-context-profile-mask
    nv-implementation-color-read-format-dsa-broken
    nv-cubemap-inconsistent-compressed-image-size
    nv-cubemap-broken-full-compressed-image-query
    nv-compressed-block-size-in-bits
case=control_7565 sr=1.0 ndtw=0.9046 seconds=2.15
Renderer: NVIDIA GeForce RTX 4090/PCIe/SSE2 by NVIDIA Corporation
OpenGL version: 4.6.0 NVIDIA 595.84
Using optional features:
    GL_ARB_ES2_compatibility
    GL_ARB_direct_state_access
    GL_ARB_get_texture_sub_image
    GL_ARB_invalidate_subdata
    GL_ARB_multi_bind
    GL_ARB_robustness
    GL_ARB_separate_shader_objects
    GL_ARB_texture_filter_anisotropic
    GL_ARB_texture_storage
    GL_ARB_texture_storage_multisample
    GL_ARB_vertex_array_object
    GL_KHR_debug
Using driver workarounds:
    no-forward-compatible-core-context
    nv-egl-incorrect-gl11-function-pointers
    no-layout-qualifiers-on-old-glsl
    nv-zero-context-profile-mask
    nv-implementation-color-read-format-dsa-broken
    nv-cubemap-inconsistent-compressed-image-size
    nv-cubemap-broken-full-compressed-image-query
    nv-compressed-block-size-in-bits
case=control_8928 sr=1.0 ndtw=0.6084 seconds=2.27
Renderer: NVIDIA GeForce RTX 4090/PCIe/SSE2 by NVIDIA Corporation
OpenGL version: 4.6.0 NVIDIA 595.84
Using optional features:
    GL_ARB_ES2_compatibility
    GL_ARB_direct_state_access
    GL_ARB_get_texture_sub_image
    GL_ARB_invalidate_subdata
    GL_ARB_multi_bind
    GL_ARB_robustness
    GL_ARB_separate_shader_objects
    GL_ARB_texture_filter_anisotropic
    GL_ARB_texture_storage
    GL_ARB_texture_storage_multisample
    GL_ARB_vertex_array_object
    GL_KHR_debug
Using driver workarounds:
    no-forward-compatible-core-context
    nv-egl-incorrect-gl11-function-pointers
    no-layout-qualifiers-on-old-glsl
    nv-zero-context-profile-mask
    nv-implementation-color-read-format-dsa-broken
    nv-cubemap-inconsistent-compressed-image-size
    nv-cubemap-broken-full-compressed-image-query
    nv-compressed-block-size-in-bits
case=control_9182 sr=1.0 ndtw=0.8585 seconds=6.88
Renderer: NVIDIA GeForce RTX 4090/PCIe/SSE2 by NVIDIA Corporation
OpenGL version: 4.6.0 NVIDIA 595.84
Using optional features:
    GL_ARB_ES2_compatibility
    GL_ARB_direct_state_access
    GL_ARB_get_texture_sub_image
    GL_ARB_invalidate_subdata
    GL_ARB_multi_bind
    GL_ARB_robustness
    GL_ARB_separate_shader_objects
    GL_ARB_texture_filter_anisotropic
    GL_ARB_texture_storage
    GL_ARB_texture_storage_multisample
    GL_ARB_vertex_array_object
    GL_KHR_debug
Using driver workarounds:
    no-forward-compatible-core-context
    nv-egl-incorrect-gl11-function-pointers
    no-layout-qualifiers-on-old-glsl
    nv-zero-context-profile-mask
    nv-implementation-color-read-format-dsa-broken
    nv-cubemap-inconsistent-compressed-image-size
    nv-cubemap-broken-full-compressed-image-query
    nv-compressed-block-size-in-bits
case=control_9295 sr=1.0 ndtw=0.9253 seconds=1.84
Renderer: NVIDIA GeForce RTX 4090/PCIe/SSE2 by NVIDIA Corporation
OpenGL version: 4.6.0 NVIDIA 595.84
Using optional features:
    GL_ARB_ES2_compatibility
    GL_ARB_direct_state_access
    GL_ARB_get_texture_sub_image
    GL_ARB_invalidate_subdata
    GL_ARB_multi_bind
    GL_ARB_robustness
    GL_ARB_separate_shader_objects
    GL_ARB_texture_filter_anisotropic
    GL_ARB_texture_storage
    GL_ARB_texture_storage_multisample
    GL_ARB_vertex_array_object
    GL_KHR_debug
Using driver workarounds:
    no-forward-compatible-core-context
    nv-egl-incorrect-gl11-function-pointers
    no-layout-qualifiers-on-old-glsl
    nv-zero-context-profile-mask
    nv-implementation-color-read-format-dsa-broken
    nv-cubemap-inconsistent-compressed-image-size
    nv-cubemap-broken-full-compressed-image-query
    nv-compressed-block-size-in-bits
case=sense_only_10193_s2_p3 sr=1.0 ndtw=0.7547 seconds=2.17
case=interrupt_consume_10193_s2_p3 sr=1.0 ndtw=0.7706 seconds=0.73
case=interrupt_retain_10193_s2_p3 sr=1.0 ndtw=0.7706 seconds=0.64
case=sense_only_10193_s3_p3 sr=1.0 ndtw=0.7547 seconds=0.56
case=interrupt_consume_10193_s3_p3 sr=1.0 ndtw=0.7547 seconds=0.64
case=interrupt_retain_10193_s3_p3 sr=1.0 ndtw=0.7742 seconds=0.70
case=sense_only_10193_s6_p3 sr=1.0 ndtw=0.7547 seconds=0.54
case=interrupt_consume_10193_s6_p3 sr=1.0 ndtw=0.7645 seconds=0.68
case=interrupt_retain_10193_s6_p3 sr=1.0 ndtw=0.7547 seconds=0.61
case=sense_only_10193_s6_p4 sr=1.0 ndtw=0.7547 seconds=0.56
case=interrupt_consume_10193_s6_p4 sr=1.0 ndtw=0.7547 seconds=0.65
case=interrupt_retain_10193_s6_p4 sr=1.0 ndtw=0.7547 seconds=0.61
Renderer: NVIDIA GeForce RTX 4090/PCIe/SSE2 by NVIDIA Corporation
OpenGL version: 4.6.0 NVIDIA 595.84
Using optional features:
    GL_ARB_ES2_compatibility
    GL_ARB_direct_state_access
    GL_ARB_get_texture_sub_image
    GL_ARB_invalidate_subdata
    GL_ARB_multi_bind
    GL_ARB_robustness
    GL_ARB_separate_shader_objects
    GL_ARB_texture_filter_anisotropic
    GL_ARB_texture_storage
    GL_ARB_texture_storage_multisample
    GL_ARB_vertex_array_object
    GL_KHR_debug
Using driver workarounds:
    no-forward-compatible-core-context
    nv-egl-incorrect-gl11-function-pointers
    no-layout-qualifiers-on-old-glsl
    nv-zero-context-profile-mask
    nv-implementation-color-read-format-dsa-broken
    nv-cubemap-inconsistent-compressed-image-size
    nv-cubemap-broken-full-compressed-image-query
    nv-compressed-block-size-in-bits
case=sense_only_10506_s8_p9 sr=0.0 ndtw=0.1240 seconds=4.06
case=interrupt_consume_10506_s8_p9 sr=0.0 ndtw=0.1240 seconds=0.97
case=interrupt_retain_10506_s8_p9 sr=0.0 ndtw=0.1240 seconds=0.98
case=sense_only_10506_s9_p2 sr=0.0 ndtw=0.1240 seconds=1.01
case=interrupt_consume_10506_s9_p2 sr=0.0 ndtw=0.1240 seconds=0.99
case=interrupt_retain_10506_s9_p2 sr=0.0 ndtw=0.1240 seconds=1.01
case=sense_only_10506_s9_p3 sr=0.0 ndtw=0.1240 seconds=1.02
case=interrupt_consume_10506_s9_p3 sr=0.0 ndtw=0.1240 seconds=0.99
case=interrupt_retain_10506_s9_p3 sr=0.0 ndtw=0.1240 seconds=1.00
case=sense_only_10506_s9_p4 sr=0.0 ndtw=0.1240 seconds=1.04
case=interrupt_consume_10506_s9_p4 sr=0.0 ndtw=0.1240 seconds=0.98
case=interrupt_retain_10506_s9_p4 sr=0.0 ndtw=0.1240 seconds=0.97
case=sense_only_10506_s9_p5 sr=0.0 ndtw=0.1240 seconds=0.98
case=interrupt_consume_10506_s9_p5 sr=0.0 ndtw=0.1240 seconds=0.98
case=interrupt_retain_10506_s9_p5 sr=0.0 ndtw=0.1240 seconds=0.97
case=sense_only_10506_s10_p2 sr=0.0 ndtw=0.1240 seconds=0.96
case=interrupt_consume_10506_s10_p2 sr=0.0 ndtw=0.1240 seconds=1.01
case=interrupt_retain_10506_s10_p2 sr=0.0 ndtw=0.1240 seconds=1.07
case=sense_only_10506_s10_p3 sr=0.0 ndtw=0.1240 seconds=0.99
case=interrupt_consume_10506_s10_p3 sr=0.0 ndtw=0.1240 seconds=0.99
case=interrupt_retain_10506_s10_p3 sr=0.0 ndtw=0.1240 seconds=0.97
case=sense_only_10506_s10_p4 sr=0.0 ndtw=0.1240 seconds=0.94
case=interrupt_consume_10506_s10_p4 sr=0.0 ndtw=0.1240 seconds=0.94
case=interrupt_retain_10506_s10_p4 sr=0.0 ndtw=0.1240 seconds=0.96
case=sense_only_10506_s11_p2 sr=0.0 ndtw=0.1240 seconds=0.97
case=interrupt_consume_10506_s11_p2 sr=0.0 ndtw=0.1240 seconds=0.96
case=interrupt_retain_10506_s11_p2 sr=0.0 ndtw=0.1240 seconds=0.97
case=sense_only_10506_s11_p3 sr=0.0 ndtw=0.1240 seconds=0.97
case=interrupt_consume_10506_s11_p3 sr=0.0 ndtw=0.1240 seconds=1.00
case=interrupt_retain_10506_s11_p3 sr=0.0 ndtw=0.1240 seconds=0.99
case=sense_only_10506_s11_p4 sr=0.0 ndtw=0.1240 seconds=1.00
case=interrupt_consume_10506_s11_p4 sr=0.0 ndtw=0.1240 seconds=1.00
case=interrupt_retain_10506_s11_p4 sr=0.0 ndtw=0.1240 seconds=1.01
case=sense_only_10506_s11_p5 sr=0.0 ndtw=0.1240 seconds=0.97
case=interrupt_consume_10506_s11_p5 sr=0.0 ndtw=0.1240 seconds=0.97
case=interrupt_retain_10506_s11_p5 sr=0.0 ndtw=0.1240 seconds=0.97
case=sense_only_10506_s12_p2 sr=0.0 ndtw=0.1240 seconds=0.99
case=interrupt_consume_10506_s12_p2 sr=0.0 ndtw=0.1240 seconds=1.02
case=interrupt_retain_10506_s12_p2 sr=0.0 ndtw=0.1240 seconds=1.00
case=sense_only_10506_s12_p3 sr=0.0 ndtw=0.1240 seconds=0.99
case=interrupt_consume_10506_s12_p3 sr=0.0 ndtw=0.1240 seconds=0.97
case=interrupt_retain_10506_s12_p3 sr=0.0 ndtw=0.1240 seconds=0.99
case=sense_only_10506_s12_p4 sr=0.0 ndtw=0.1240 seconds=0.96
case=interrupt_consume_10506_s12_p4 sr=0.0 ndtw=0.1240 seconds=0.96
case=interrupt_retain_10506_s12_p4 sr=0.0 ndtw=0.1240 seconds=0.98
case=sense_only_10506_s13_p2 sr=0.0 ndtw=0.1240 seconds=0.96
case=interrupt_consume_10506_s13_p2 sr=0.0 ndtw=0.1240 seconds=1.01
case=interrupt_retain_10506_s13_p2 sr=0.0 ndtw=0.1240 seconds=0.95
case=sense_only_10506_s13_p3 sr=0.0 ndtw=0.1240 seconds=1.03
case=interrupt_consume_10506_s13_p3 sr=0.0 ndtw=0.1240 seconds=0.98
case=interrupt_retain_10506_s13_p3 sr=0.0 ndtw=0.1240 seconds=0.95
case=sense_only_10506_s13_p4 sr=0.0 ndtw=0.1240 seconds=1.00
case=interrupt_consume_10506_s13_p4 sr=0.0 ndtw=0.1240 seconds=0.99
case=interrupt_retain_10506_s13_p4 sr=0.0 ndtw=0.1240 seconds=0.98
case=sense_only_10506_s13_p5 sr=0.0 ndtw=0.1240 seconds=0.97
case=interrupt_consume_10506_s13_p5 sr=0.0 ndtw=0.1240 seconds=0.96
case=interrupt_retain_10506_s13_p5 sr=0.0 ndtw=0.1240 seconds=0.96
Renderer: NVIDIA GeForce RTX 4090/PCIe/SSE2 by NVIDIA Corporation
OpenGL version: 4.6.0 NVIDIA 595.84
Using optional features:
    GL_ARB_ES2_compatibility
    GL_ARB_direct_state_access
    GL_ARB_get_texture_sub_image
    GL_ARB_invalidate_subdata
    GL_ARB_multi_bind
    GL_ARB_robustness
    GL_ARB_separate_shader_objects
    GL_ARB_texture_filter_anisotropic
    GL_ARB_texture_storage
    GL_ARB_texture_storage_multisample
    GL_ARB_vertex_array_object
    GL_KHR_debug
Using driver workarounds:
    no-forward-compatible-core-context
    nv-egl-incorrect-gl11-function-pointers
    no-layout-qualifiers-on-old-glsl
    nv-zero-context-profile-mask
    nv-implementation-color-read-format-dsa-broken
    nv-cubemap-inconsistent-compressed-image-size
    nv-cubemap-broken-full-compressed-image-query
    nv-compressed-block-size-in-bits
case=sense_only_10754_s5_p7 sr=0.0 ndtw=0.2816 seconds=2.33
case=interrupt_consume_10754_s5_p7 sr=0.0 ndtw=0.5615 seconds=0.84
case=interrupt_retain_10754_s5_p7 sr=0.0 ndtw=0.5615 seconds=0.83
Renderer: NVIDIA GeForce RTX 4090/PCIe/SSE2 by NVIDIA Corporation
OpenGL version: 4.6.0 NVIDIA 595.84
Using optional features:
    GL_ARB_ES2_compatibility
    GL_ARB_direct_state_access
    GL_ARB_get_texture_sub_image
    GL_ARB_invalidate_subdata
    GL_ARB_multi_bind
    GL_ARB_robustness
    GL_ARB_separate_shader_objects
    GL_ARB_texture_filter_anisotropic
    GL_ARB_texture_storage
    GL_ARB_texture_storage_multisample
    GL_ARB_vertex_array_object
    GL_KHR_debug
Using driver workarounds:
    no-forward-compatible-core-context
    nv-egl-incorrect-gl11-function-pointers
    no-layout-qualifiers-on-old-glsl
    nv-zero-context-profile-mask
    nv-implementation-color-read-format-dsa-broken
    nv-cubemap-inconsistent-compressed-image-size
    nv-cubemap-broken-full-compressed-image-query
    nv-compressed-block-size-in-bits
case=sense_only_1905_s3_p15 sr=1.0 ndtw=0.8816 seconds=3.35
case=interrupt_consume_1905_s3_p15 sr=1.0 ndtw=0.8805 seconds=0.32
case=interrupt_retain_1905_s3_p15 sr=1.0 ndtw=0.8805 seconds=0.36
Renderer: NVIDIA GeForce RTX 4090/PCIe/SSE2 by NVIDIA Corporation
OpenGL version: 4.6.0 NVIDIA 595.84
Using optional features:
    GL_ARB_ES2_compatibility
    GL_ARB_direct_state_access
    GL_ARB_get_texture_sub_image
    GL_ARB_invalidate_subdata
    GL_ARB_multi_bind
    GL_ARB_robustness
    GL_ARB_separate_shader_objects
    GL_ARB_texture_filter_anisotropic
    GL_ARB_texture_storage
    GL_ARB_texture_storage_multisample
    GL_ARB_vertex_array_object
    GL_KHR_debug
Using driver workarounds:
    no-forward-compatible-core-context
    nv-egl-incorrect-gl11-function-pointers
    no-layout-qualifiers-on-old-glsl
    nv-zero-context-profile-mask
    nv-implementation-color-read-format-dsa-broken
    nv-cubemap-inconsistent-compressed-image-size
    nv-cubemap-broken-full-compressed-image-query
    nv-compressed-block-size-in-bits
case=sense_only_212_s0_p11 sr=1.0 ndtw=0.9108 seconds=2.15
case=interrupt_consume_212_s0_p11 sr=1.0 ndtw=0.7961 seconds=0.39
case=interrupt_retain_212_s0_p11 sr=1.0 ndtw=0.7961 seconds=0.43
case=sense_only_212_s1_p4 sr=1.0 ndtw=0.9108 seconds=0.28
case=interrupt_consume_212_s1_p4 sr=1.0 ndtw=0.9389 seconds=0.33
case=interrupt_retain_212_s1_p4 sr=1.0 ndtw=0.9389 seconds=0.35
case=sense_only_212_s1_p9 sr=1.0 ndtw=0.9108 seconds=0.29
case=interrupt_consume_212_s1_p9 sr=1.0 ndtw=0.9108 seconds=0.28
case=interrupt_retain_212_s1_p9 sr=1.0 ndtw=0.9108 seconds=0.27
case=sense_only_212_s1_p10 sr=1.0 ndtw=0.9108 seconds=0.31
case=interrupt_consume_212_s1_p10 sr=1.0 ndtw=0.9108 seconds=0.27
case=interrupt_retain_212_s1_p10 sr=1.0 ndtw=0.9108 seconds=0.27
case=sense_only_212_s1_p11 sr=1.0 ndtw=0.9108 seconds=0.28
case=interrupt_consume_212_s1_p11 sr=1.0 ndtw=0.9108 seconds=0.26
case=interrupt_retain_212_s1_p11 sr=1.0 ndtw=0.9108 seconds=0.30
Renderer: NVIDIA GeForce RTX 4090/PCIe/SSE2 by NVIDIA Corporation
OpenGL version: 4.6.0 NVIDIA 595.84
Using optional features:
    GL_ARB_ES2_compatibility
    GL_ARB_direct_state_access
    GL_ARB_get_texture_sub_image
    GL_ARB_invalidate_subdata
    GL_ARB_multi_bind
    GL_ARB_robustness
    GL_ARB_separate_shader_objects
    GL_ARB_texture_filter_anisotropic
    GL_ARB_texture_storage
    GL_ARB_texture_storage_multisample
    GL_ARB_vertex_array_object
    GL_KHR_debug
Using driver workarounds:
    no-forward-compatible-core-context
    nv-egl-incorrect-gl11-function-pointers
    no-layout-qualifiers-on-old-glsl
    nv-zero-context-profile-mask
    nv-implementation-color-read-format-dsa-broken
    nv-cubemap-inconsistent-compressed-image-size
    nv-cubemap-broken-full-compressed-image-query
    nv-compressed-block-size-in-bits
case=sense_only_2308_s0_p14 sr=1.0 ndtw=0.9144 seconds=7.83
case=interrupt_consume_2308_s0_p14 sr=1.0 ndtw=0.9180 seconds=1.80
case=interrupt_retain_2308_s0_p14 sr=1.0 ndtw=0.9180 seconds=1.71
case=sense_only_2308_s0_p15 sr=1.0 ndtw=0.9144 seconds=1.46
case=interrupt_consume_2308_s0_p15 sr=1.0 ndtw=0.9079 seconds=1.25
case=interrupt_retain_2308_s0_p15 sr=1.0 ndtw=0.9079 seconds=1.28
case=sense_only_2308_s0_p16 sr=1.0 ndtw=0.9144 seconds=1.36
case=interrupt_consume_2308_s0_p16 sr=1.0 ndtw=0.9000 seconds=1.52
case=interrupt_retain_2308_s0_p16 sr=1.0 ndtw=0.9000 seconds=1.48
case=sense_only_2308_s0_p19 sr=1.0 ndtw=0.9144 seconds=1.33
case=interrupt_consume_2308_s0_p19 sr=1.0 ndtw=0.8933 seconds=1.31
case=interrupt_retain_2308_s0_p19 sr=1.0 ndtw=0.8933 seconds=1.47
case=sense_only_2308_s0_p20 sr=1.0 ndtw=0.9144 seconds=1.58
case=interrupt_consume_2308_s0_p20 sr=1.0 ndtw=0.8338 seconds=1.58
case=interrupt_retain_2308_s0_p20 sr=1.0 ndtw=0.8338 seconds=1.58
Renderer: NVIDIA GeForce RTX 4090/PCIe/SSE2 by NVIDIA Corporation
OpenGL version: 4.6.0 NVIDIA 595.84
Using optional features:
    GL_ARB_ES2_compatibility
    GL_ARB_direct_state_access
    GL_ARB_get_texture_sub_image
    GL_ARB_invalidate_subdata
    GL_ARB_multi_bind
    GL_ARB_robustness
    GL_ARB_separate_shader_objects
    GL_ARB_texture_filter_anisotropic
    GL_ARB_texture_storage
    GL_ARB_texture_storage_multisample
    GL_ARB_vertex_array_object
    GL_KHR_debug
Using driver workarounds:
    no-forward-compatible-core-context
    nv-egl-incorrect-gl11-function-pointers
    no-layout-qualifiers-on-old-glsl
    nv-zero-context-profile-mask
    nv-implementation-color-read-format-dsa-broken
    nv-cubemap-inconsistent-compressed-image-size
    nv-cubemap-broken-full-compressed-image-query
    nv-compressed-block-size-in-bits
case=sense_only_3404_s6_p4 sr=1.0 ndtw=0.9452 seconds=2.13
case=interrupt_consume_3404_s6_p4 sr=1.0 ndtw=0.9532 seconds=0.73
case=interrupt_retain_3404_s6_p4 sr=1.0 ndtw=0.9532 seconds=0.73
case=sense_only_3404_s6_p5 sr=1.0 ndtw=0.9452 seconds=0.71
case=interrupt_consume_3404_s6_p5 sr=1.0 ndtw=0.9597 seconds=0.76
case=interrupt_retain_3404_s6_p5 sr=1.0 ndtw=0.9597 seconds=0.78
case=sense_only_3404_s6_p6 sr=1.0 ndtw=0.9452 seconds=0.73
case=interrupt_consume_3404_s6_p6 sr=1.0 ndtw=0.9528 seconds=0.74
case=interrupt_retain_3404_s6_p6 sr=1.0 ndtw=0.9231 seconds=0.71
case=sense_only_3404_s6_p7 sr=1.0 ndtw=0.9452 seconds=0.77
case=interrupt_consume_3404_s6_p7 sr=1.0 ndtw=0.9587 seconds=0.78
case=interrupt_retain_3404_s6_p7 sr=1.0 ndtw=0.9587 seconds=0.75
case=sense_only_3404_s8_p3 sr=1.0 ndtw=0.9452 seconds=0.81
case=interrupt_consume_3404_s8_p3 sr=1.0 ndtw=0.9304 seconds=0.74
case=interrupt_retain_3404_s8_p3 sr=1.0 ndtw=0.9304 seconds=0.76
case=sense_only_3404_s8_p4 sr=1.0 ndtw=0.9452 seconds=0.74
case=interrupt_consume_3404_s8_p4 sr=1.0 ndtw=0.9304 seconds=0.75
case=interrupt_retain_3404_s8_p4 sr=1.0 ndtw=0.9304 seconds=0.72
case=sense_only_3404_s8_p5 sr=1.0 ndtw=0.9452 seconds=0.75
case=interrupt_consume_3404_s8_p5 sr=1.0 ndtw=0.9456 seconds=0.78
case=interrupt_retain_3404_s8_p5 sr=1.0 ndtw=0.9456 seconds=0.82
Renderer: NVIDIA GeForce RTX 4090/PCIe/SSE2 by NVIDIA Corporation
OpenGL version: 4.6.0 NVIDIA 595.84
Using optional features:
    GL_ARB_ES2_compatibility
    GL_ARB_direct_state_access
    GL_ARB_get_texture_sub_image
    GL_ARB_invalidate_subdata
    GL_ARB_multi_bind
    GL_ARB_robustness
    GL_ARB_separate_shader_objects
    GL_ARB_texture_filter_anisotropic
    GL_ARB_texture_storage
    GL_ARB_texture_storage_multisample
    GL_ARB_vertex_array_object
    GL_KHR_debug
Using driver workarounds:
    no-forward-compatible-core-context
    nv-egl-incorrect-gl11-function-pointers
    no-layout-qualifiers-on-old-glsl
    nv-zero-context-profile-mask
    nv-implementation-color-read-format-dsa-broken
    nv-cubemap-inconsistent-compressed-image-size
    nv-cubemap-broken-full-compressed-image-query
    nv-compressed-block-size-in-bits
case=sense_only_3865_s9_p23 sr=0.0 ndtw=0.7422 seconds=1.99
case=interrupt_consume_3865_s9_p23 sr=1.0 ndtw=0.5633 seconds=1.01
case=interrupt_retain_3865_s9_p23 sr=1.0 ndtw=0.5633 seconds=1.07
Renderer: NVIDIA GeForce RTX 4090/PCIe/SSE2 by NVIDIA Corporation
OpenGL version: 4.6.0 NVIDIA 595.84
Using optional features:
    GL_ARB_ES2_compatibility
    GL_ARB_direct_state_access
    GL_ARB_get_texture_sub_image
    GL_ARB_invalidate_subdata
    GL_ARB_multi_bind
    GL_ARB_robustness
    GL_ARB_separate_shader_objects
    GL_ARB_texture_filter_anisotropic
    GL_ARB_texture_storage
    GL_ARB_texture_storage_multisample
    GL_ARB_vertex_array_object
    GL_KHR_debug
Using driver workarounds:
    no-forward-compatible-core-context
    nv-egl-incorrect-gl11-function-pointers
    no-layout-qualifiers-on-old-glsl
    nv-zero-context-profile-mask
    nv-implementation-color-read-format-dsa-broken
    nv-cubemap-inconsistent-compressed-image-size
    nv-cubemap-broken-full-compressed-image-query
    nv-compressed-block-size-in-bits
case=sense_only_4603_s5_p3 sr=1.0 ndtw=0.9442 seconds=2.11
case=interrupt_consume_4603_s5_p3 sr=1.0 ndtw=0.8793 seconds=0.73
case=interrupt_retain_4603_s5_p3 sr=1.0 ndtw=0.8793 seconds=0.74
Renderer: NVIDIA GeForce RTX 4090/PCIe/SSE2 by NVIDIA Corporation
OpenGL version: 4.6.0 NVIDIA 595.84
Using optional features:
    GL_ARB_ES2_compatibility
    GL_ARB_direct_state_access
    GL_ARB_get_texture_sub_image
    GL_ARB_invalidate_subdata
    GL_ARB_multi_bind
    GL_ARB_robustness
    GL_ARB_separate_shader_objects
    GL_ARB_texture_filter_anisotropic
    GL_ARB_texture_storage
    GL_ARB_texture_storage_multisample
    GL_ARB_vertex_array_object
    GL_KHR_debug
Using driver workarounds:
    no-forward-compatible-core-context
    nv-egl-incorrect-gl11-function-pointers
    no-layout-qualifiers-on-old-glsl
    nv-zero-context-profile-mask
    nv-implementation-color-read-format-dsa-broken
    nv-cubemap-inconsistent-compressed-image-size
    nv-cubemap-broken-full-compressed-image-query
    nv-compressed-block-size-in-bits
case=sense_only_4702_s8_p2 sr=0.0 ndtw=0.4377 seconds=7.44
case=interrupt_consume_4702_s8_p2 sr=1.0 ndtw=0.4717 seconds=1.08
case=interrupt_retain_4702_s8_p2 sr=0.0 ndtw=0.6041 seconds=0.86
case=sense_only_4702_s8_p3 sr=0.0 ndtw=0.4377 seconds=1.09
case=interrupt_consume_4702_s8_p3 sr=1.0 ndtw=0.4779 seconds=1.10
case=interrupt_retain_4702_s8_p3 sr=0.0 ndtw=0.6397 seconds=0.86
case=sense_only_4702_s9_p2 sr=0.0 ndtw=0.4377 seconds=1.16
case=interrupt_consume_4702_s9_p2 sr=0.0 ndtw=0.4927 seconds=1.05
case=interrupt_retain_4702_s9_p2 sr=0.0 ndtw=0.4927 seconds=1.05
case=sense_only_4702_s9_p3 sr=0.0 ndtw=0.4377 seconds=1.04
case=interrupt_consume_4702_s9_p3 sr=0.0 ndtw=0.4785 seconds=1.08
case=interrupt_retain_4702_s9_p3 sr=0.0 ndtw=0.4785 seconds=1.03
case=sense_only_4702_s9_p4 sr=0.0 ndtw=0.4377 seconds=1.07
case=interrupt_consume_4702_s9_p4 sr=0.0 ndtw=0.4581 seconds=1.08
case=interrupt_retain_4702_s9_p4 sr=0.0 ndtw=0.4581 seconds=1.09
case=sense_only_4702_s9_p5 sr=0.0 ndtw=0.4377 seconds=1.10
case=interrupt_consume_4702_s9_p5 sr=0.0 ndtw=0.6402 seconds=0.82
case=interrupt_retain_4702_s9_p5 sr=0.0 ndtw=0.4514 seconds=1.05
case=sense_only_4702_s9_p6 sr=0.0 ndtw=0.4377 seconds=1.11
case=interrupt_consume_4702_s9_p6 sr=0.0 ndtw=0.4441 seconds=1.11
case=interrupt_retain_4702_s9_p6 sr=0.0 ndtw=0.4507 seconds=1.15
case=sense_only_4702_s10_p1 sr=0.0 ndtw=0.4377 seconds=1.11
case=interrupt_consume_4702_s10_p1 sr=0.0 ndtw=0.4647 seconds=1.10
case=interrupt_retain_4702_s10_p1 sr=0.0 ndtw=0.4777 seconds=1.05
case=sense_only_4702_s10_p2 sr=0.0 ndtw=0.4377 seconds=1.08
case=interrupt_consume_4702_s10_p2 sr=0.0 ndtw=0.4510 seconds=1.03
case=interrupt_retain_4702_s10_p2 sr=0.0 ndtw=0.4708 seconds=1.09
case=sense_only_4702_s10_p3 sr=0.0 ndtw=0.4377 seconds=1.09
case=interrupt_consume_4702_s10_p3 sr=0.0 ndtw=0.4507 seconds=1.08
case=interrupt_retain_4702_s10_p3 sr=0.0 ndtw=0.4573 seconds=1.02
case=sense_only_4702_s10_p4 sr=0.0 ndtw=0.4377 seconds=1.08
case=interrupt_consume_4702_s10_p4 sr=0.0 ndtw=0.4507 seconds=1.11
case=interrupt_retain_4702_s10_p4 sr=0.0 ndtw=0.4573 seconds=1.07
case=sense_only_4702_s10_p5 sr=0.0 ndtw=0.4377 seconds=1.09
case=interrupt_consume_4702_s10_p5 sr=0.0 ndtw=0.4441 seconds=1.00
case=interrupt_retain_4702_s10_p5 sr=0.0 ndtw=0.4507 seconds=1.08
case=sense_only_4702_s11_p1 sr=0.0 ndtw=0.4377 seconds=1.07
case=interrupt_consume_4702_s11_p1 sr=0.0 ndtw=0.4708 seconds=1.16
case=interrupt_retain_4702_s11_p1 sr=0.0 ndtw=0.4777 seconds=1.11
case=sense_only_4702_s11_p2 sr=0.0 ndtw=0.4377 seconds=1.10
case=interrupt_consume_4702_s11_p2 sr=0.0 ndtw=0.4640 seconds=1.06
case=interrupt_retain_4702_s11_p2 sr=0.0 ndtw=0.4708 seconds=1.05
case=sense_only_4702_s11_p3 sr=0.0 ndtw=0.4377 seconds=1.07
case=interrupt_consume_4702_s11_p3 sr=0.0 ndtw=0.4573 seconds=1.06
case=interrupt_retain_4702_s11_p3 sr=0.0 ndtw=0.4640 seconds=1.07
case=sense_only_4702_s11_p4 sr=0.0 ndtw=0.4377 seconds=1.04
case=interrupt_consume_4702_s11_p4 sr=0.0 ndtw=0.4507 seconds=1.07
case=interrupt_retain_4702_s11_p4 sr=0.0 ndtw=0.4573 seconds=1.02
case=sense_only_4702_s11_p5 sr=0.0 ndtw=0.4377 seconds=1.09
case=interrupt_consume_4702_s11_p5 sr=0.0 ndtw=0.4441 seconds=1.04
case=interrupt_retain_4702_s11_p5 sr=0.0 ndtw=0.4507 seconds=1.08
case=sense_only_4702_s12_p1 sr=0.0 ndtw=0.4377 seconds=1.12
case=interrupt_consume_4702_s12_p1 sr=0.0 ndtw=0.4708 seconds=1.05
case=interrupt_retain_4702_s12_p1 sr=0.0 ndtw=0.4777 seconds=1.06
case=sense_only_4702_s12_p2 sr=0.0 ndtw=0.4377 seconds=1.07
case=interrupt_consume_4702_s12_p2 sr=0.0 ndtw=0.4640 seconds=1.06
case=interrupt_retain_4702_s12_p2 sr=0.0 ndtw=0.4708 seconds=1.07
case=sense_only_4702_s12_p3 sr=0.0 ndtw=0.4377 seconds=1.07
case=interrupt_consume_4702_s12_p3 sr=0.0 ndtw=0.4573 seconds=1.06
case=interrupt_retain_4702_s12_p3 sr=0.0 ndtw=0.4640 seconds=1.10
case=sense_only_4702_s12_p4 sr=0.0 ndtw=0.4377 seconds=1.04
case=interrupt_consume_4702_s12_p4 sr=0.0 ndtw=0.4507 seconds=1.15
case=interrupt_retain_4702_s12_p4 sr=0.0 ndtw=0.4573 seconds=1.03
case=sense_only_4702_s12_p5 sr=0.0 ndtw=0.4377 seconds=1.06
case=interrupt_consume_4702_s12_p5 sr=0.0 ndtw=0.4441 seconds=1.05
case=interrupt_retain_4702_s12_p5 sr=0.0 ndtw=0.4507 seconds=1.10
case=sense_only_4702_s13_p1 sr=0.0 ndtw=0.4377 seconds=1.05
case=interrupt_consume_4702_s13_p1 sr=0.0 ndtw=0.4708 seconds=1.04
case=interrupt_retain_4702_s13_p1 sr=0.0 ndtw=0.4708 seconds=1.19
case=sense_only_4702_s13_p2 sr=0.0 ndtw=0.4377 seconds=1.16
case=interrupt_consume_4702_s13_p2 sr=0.0 ndtw=0.4640 seconds=1.24
case=interrupt_retain_4702_s13_p2 sr=0.0 ndtw=0.4640 seconds=1.18
case=sense_only_4702_s13_p3 sr=0.0 ndtw=0.4377 seconds=1.11
case=interrupt_consume_4702_s13_p3 sr=0.0 ndtw=0.4573 seconds=1.14
case=interrupt_retain_4702_s13_p3 sr=0.0 ndtw=0.4573 seconds=1.18
case=sense_only_4702_s13_p4 sr=0.0 ndtw=0.4377 seconds=1.21
case=interrupt_consume_4702_s13_p4 sr=0.0 ndtw=0.4507 seconds=1.45
case=interrupt_retain_4702_s13_p4 sr=0.0 ndtw=0.4507 seconds=1.27
case=sense_only_4702_s13_p5 sr=0.0 ndtw=0.4377 seconds=1.16
case=interrupt_consume_4702_s13_p5 sr=0.0 ndtw=0.4441 seconds=1.12
case=interrupt_retain_4702_s13_p5 sr=0.0 ndtw=0.4441 seconds=1.12
Renderer: NVIDIA GeForce RTX 4090/PCIe/SSE2 by NVIDIA Corporation
OpenGL version: 4.6.0 NVIDIA 595.84
Using optional features:
    GL_ARB_ES2_compatibility
    GL_ARB_direct_state_access
    GL_ARB_get_texture_sub_image
    GL_ARB_invalidate_subdata
    GL_ARB_multi_bind
    GL_ARB_robustness
    GL_ARB_separate_shader_objects
    GL_ARB_texture_filter_anisotropic
    GL_ARB_texture_storage
    GL_ARB_texture_storage_multisample
    GL_ARB_vertex_array_object
    GL_KHR_debug
Using driver workarounds:
    no-forward-compatible-core-context
    nv-egl-incorrect-gl11-function-pointers
    no-layout-qualifiers-on-old-glsl
    nv-zero-context-profile-mask
    nv-implementation-color-read-format-dsa-broken
    nv-cubemap-inconsistent-compressed-image-size
    nv-cubemap-broken-full-compressed-image-query
    nv-compressed-block-size-in-bits
case=sense_only_5247_s0_p5 sr=0.0 ndtw=0.6857 seconds=4.38
case=interrupt_consume_5247_s0_p5 sr=1.0 ndtw=0.7093 seconds=0.92
case=interrupt_retain_5247_s0_p5 sr=1.0 ndtw=0.7093 seconds=1.00
case=sense_only_5247_s0_p6 sr=0.0 ndtw=0.6857 seconds=1.07
case=interrupt_consume_5247_s0_p6 sr=1.0 ndtw=0.7212 seconds=1.09
case=interrupt_retain_5247_s0_p6 sr=1.0 ndtw=0.7212 seconds=1.07
case=sense_only_5247_s2_p4 sr=0.0 ndtw=0.6857 seconds=0.95
case=interrupt_consume_5247_s2_p4 sr=1.0 ndtw=0.5559 seconds=0.88
case=interrupt_retain_5247_s2_p4 sr=1.0 ndtw=0.5559 seconds=0.81
Renderer: NVIDIA GeForce RTX 4090/PCIe/SSE2 by NVIDIA Corporation
OpenGL version: 4.6.0 NVIDIA 595.84
Using optional features:
    GL_ARB_ES2_compatibility
    GL_ARB_direct_state_access
    GL_ARB_get_texture_sub_image
    GL_ARB_invalidate_subdata
    GL_ARB_multi_bind
    GL_ARB_robustness
    GL_ARB_separate_shader_objects
    GL_ARB_texture_filter_anisotropic
    GL_ARB_texture_storage
    GL_ARB_texture_storage_multisample
    GL_ARB_vertex_array_object
    GL_KHR_debug
Using driver workarounds:
    no-forward-compatible-core-context
    nv-egl-incorrect-gl11-function-pointers
    no-layout-qualifiers-on-old-glsl
    nv-zero-context-profile-mask
    nv-implementation-color-read-format-dsa-broken
    nv-cubemap-inconsistent-compressed-image-size
    nv-cubemap-broken-full-compressed-image-query
    nv-compressed-block-size-in-bits
case=sense_only_5607_s0_p12 sr=1.0 ndtw=0.9346 seconds=5.77
case=interrupt_consume_5607_s0_p12 sr=1.0 ndtw=0.8054 seconds=0.85
case=interrupt_retain_5607_s0_p12 sr=1.0 ndtw=0.8054 seconds=0.89
case=sense_only_5607_s0_p13 sr=1.0 ndtw=0.9346 seconds=0.91
case=interrupt_consume_5607_s0_p13 sr=1.0 ndtw=0.9051 seconds=0.92
case=interrupt_retain_5607_s0_p13 sr=1.0 ndtw=0.8148 seconds=0.87
case=sense_only_5607_s0_p14 sr=1.0 ndtw=0.9346 seconds=1.01
case=interrupt_consume_5607_s0_p14 sr=1.0 ndtw=0.7517 seconds=0.87
case=interrupt_retain_5607_s0_p14 sr=1.0 ndtw=0.7517 seconds=0.90
case=sense_only_5607_s0_p15 sr=1.0 ndtw=0.9346 seconds=0.90
case=interrupt_consume_5607_s0_p15 sr=1.0 ndtw=0.8135 seconds=0.92
case=interrupt_retain_5607_s0_p15 sr=1.0 ndtw=0.8135 seconds=0.99
case=sense_only_5607_s1_p7 sr=1.0 ndtw=0.9346 seconds=0.91
case=interrupt_consume_5607_s1_p7 sr=1.0 ndtw=0.9142 seconds=0.94
case=interrupt_retain_5607_s1_p7 sr=1.0 ndtw=0.7600 seconds=0.97
case=sense_only_5607_s1_p8 sr=1.0 ndtw=0.9346 seconds=1.00
case=interrupt_consume_5607_s1_p8 sr=1.0 ndtw=0.9202 seconds=0.84
case=interrupt_retain_5607_s1_p8 sr=1.0 ndtw=0.9142 seconds=1.02
Renderer: NVIDIA GeForce RTX 4090/PCIe/SSE2 by NVIDIA Corporation
OpenGL version: 4.6.0 NVIDIA 595.84
Using optional features:
    GL_ARB_ES2_compatibility
    GL_ARB_direct_state_access
    GL_ARB_get_texture_sub_image
    GL_ARB_invalidate_subdata
    GL_ARB_multi_bind
    GL_ARB_robustness
    GL_ARB_separate_shader_objects
    GL_ARB_texture_filter_anisotropic
    GL_ARB_texture_storage
    GL_ARB_texture_storage_multisample
    GL_ARB_vertex_array_object
    GL_KHR_debug
Using driver workarounds:
    no-forward-compatible-core-context
    nv-egl-incorrect-gl11-function-pointers
    no-layout-qualifiers-on-old-glsl
    nv-zero-context-profile-mask
    nv-implementation-color-read-format-dsa-broken
    nv-cubemap-inconsistent-compressed-image-size
    nv-cubemap-broken-full-compressed-image-query
    nv-compressed-block-size-in-bits
case=sense_only_5648_s3_p17 sr=0.0 ndtw=0.1868 seconds=6.55
case=interrupt_consume_5648_s3_p17 sr=0.0 ndtw=0.0285 seconds=1.36
case=interrupt_retain_5648_s3_p17 sr=0.0 ndtw=0.1775 seconds=1.14
case=sense_only_5648_s4_p7 sr=0.0 ndtw=0.1868 seconds=1.15
case=interrupt_consume_5648_s4_p7 sr=1.0 ndtw=0.4981 seconds=1.08
case=interrupt_retain_5648_s4_p7 sr=1.0 ndtw=0.4981 seconds=1.12
case=sense_only_5648_s4_p8 sr=0.0 ndtw=0.1868 seconds=1.10
case=interrupt_consume_5648_s4_p8 sr=0.0 ndtw=0.1828 seconds=1.15
case=interrupt_retain_5648_s4_p8 sr=0.0 ndtw=0.1828 seconds=1.07
case=sense_only_5648_s5_p3 sr=0.0 ndtw=0.1868 seconds=1.04
case=interrupt_consume_5648_s5_p3 sr=0.0 ndtw=0.1874 seconds=1.23
case=interrupt_retain_5648_s5_p3 sr=0.0 ndtw=0.1874 seconds=1.13
case=sense_only_5648_s5_p4 sr=0.0 ndtw=0.1868 seconds=1.16
case=interrupt_consume_5648_s5_p4 sr=1.0 ndtw=0.4418 seconds=1.13
case=interrupt_retain_5648_s5_p4 sr=0.0 ndtw=0.2000 seconds=1.11
case=sense_only_5648_s5_p5 sr=0.0 ndtw=0.1868 seconds=1.14
case=interrupt_consume_5648_s5_p5 sr=0.0 ndtw=0.1957 seconds=1.12
case=interrupt_retain_5648_s5_p5 sr=0.0 ndtw=0.1767 seconds=1.20
case=sense_only_5648_s6_p2 sr=0.0 ndtw=0.1868 seconds=1.12
case=interrupt_consume_5648_s6_p2 sr=0.0 ndtw=0.2033 seconds=1.05
case=interrupt_retain_5648_s6_p2 sr=0.0 ndtw=0.2700 seconds=1.19
case=sense_only_5648_s6_p3 sr=0.0 ndtw=0.1868 seconds=1.28
case=interrupt_consume_5648_s6_p3 sr=0.0 ndtw=0.1866 seconds=1.12
case=interrupt_retain_5648_s6_p3 sr=0.0 ndtw=0.1866 seconds=1.09
case=sense_only_5648_s6_p4 sr=0.0 ndtw=0.1868 seconds=1.14
case=interrupt_consume_5648_s6_p4 sr=0.0 ndtw=0.1739 seconds=1.14
case=interrupt_retain_5648_s6_p4 sr=0.0 ndtw=0.1573 seconds=1.15
case=sense_only_5648_s7_p2 sr=0.0 ndtw=0.1868 seconds=1.21
case=interrupt_consume_5648_s7_p2 sr=0.0 ndtw=0.2199 seconds=1.19
case=interrupt_retain_5648_s7_p2 sr=0.0 ndtw=0.2254 seconds=1.13
case=sense_only_5648_s7_p3 sr=0.0 ndtw=0.1868 seconds=1.04
case=interrupt_consume_5648_s7_p3 sr=0.0 ndtw=0.1600 seconds=1.20
case=interrupt_retain_5648_s7_p3 sr=0.0 ndtw=0.1614 seconds=1.12
case=sense_only_5648_s7_p4 sr=0.0 ndtw=0.1868 seconds=1.22
case=interrupt_consume_5648_s7_p4 sr=0.0 ndtw=0.1539 seconds=1.19
case=interrupt_retain_5648_s7_p4 sr=0.0 ndtw=0.1607 seconds=1.14
case=sense_only_5648_s7_p5 sr=0.0 ndtw=0.1868 seconds=1.12
case=interrupt_consume_5648_s7_p5 sr=0.0 ndtw=0.2805 seconds=1.06
case=interrupt_retain_5648_s7_p5 sr=0.0 ndtw=0.1608 seconds=1.09
case=sense_only_5648_s8_p1 sr=0.0 ndtw=0.1868 seconds=1.21
case=interrupt_consume_5648_s8_p1 sr=0.0 ndtw=0.1692 seconds=1.11
case=interrupt_retain_5648_s8_p1 sr=0.0 ndtw=0.1653 seconds=1.19
case=sense_only_5648_s8_p2 sr=0.0 ndtw=0.1868 seconds=1.16
case=interrupt_consume_5648_s8_p2 sr=0.0 ndtw=0.1539 seconds=1.14
case=interrupt_retain_5648_s8_p2 sr=0.0 ndtw=0.1618 seconds=1.13
case=sense_only_5648_s8_p3 sr=0.0 ndtw=0.1868 seconds=1.08
case=interrupt_consume_5648_s8_p3 sr=0.0 ndtw=0.2805 seconds=1.15
case=interrupt_retain_5648_s8_p3 sr=0.0 ndtw=0.1435 seconds=1.16
case=sense_only_5648_s8_p4 sr=0.0 ndtw=0.1868 seconds=1.17
case=interrupt_consume_5648_s8_p4 sr=0.0 ndtw=0.0678 seconds=1.23
case=interrupt_retain_5648_s8_p4 sr=0.0 ndtw=0.1490 seconds=1.23
case=sense_only_5648_s9_p2 sr=0.0 ndtw=0.1868 seconds=1.11
case=interrupt_consume_5648_s9_p2 sr=0.0 ndtw=0.1774 seconds=1.10
case=interrupt_retain_5648_s9_p2 sr=0.0 ndtw=0.1816 seconds=1.15
case=sense_only_5648_s9_p3 sr=0.0 ndtw=0.1868 seconds=1.26
case=interrupt_consume_5648_s9_p3 sr=0.0 ndtw=0.1902 seconds=1.08
case=interrupt_retain_5648_s9_p3 sr=0.0 ndtw=0.1973 seconds=1.19
case=sense_only_5648_s10_p3 sr=0.0 ndtw=0.1868 seconds=1.05
case=interrupt_consume_5648_s10_p3 sr=0.0 ndtw=0.1941 seconds=1.04
case=interrupt_retain_5648_s10_p3 sr=0.0 ndtw=0.1941 seconds=1.16
case=sense_only_5648_s10_p4 sr=0.0 ndtw=0.1868 seconds=1.10
case=interrupt_consume_5648_s10_p4 sr=0.0 ndtw=0.1905 seconds=1.23
case=interrupt_retain_5648_s10_p4 sr=0.0 ndtw=0.1905 seconds=1.11
case=sense_only_5648_s11_p1 sr=0.0 ndtw=0.1868 seconds=1.17
case=interrupt_consume_5648_s11_p1 sr=0.0 ndtw=0.1941 seconds=1.03
case=interrupt_retain_5648_s11_p1 sr=0.0 ndtw=0.1995 seconds=1.08
case=sense_only_5648_s11_p2 sr=0.0 ndtw=0.1868 seconds=1.11
case=interrupt_consume_5648_s11_p2 sr=0.0 ndtw=0.1905 seconds=1.15
case=interrupt_retain_5648_s11_p2 sr=0.0 ndtw=0.1941 seconds=1.02
case=sense_only_5648_s12_p1 sr=0.0 ndtw=0.1868 seconds=1.25
case=interrupt_consume_5648_s12_p1 sr=0.0 ndtw=0.1995 seconds=1.11
case=interrupt_retain_5648_s12_p1 sr=0.0 ndtw=0.1995 seconds=1.17
case=sense_only_5648_s12_p2 sr=0.0 ndtw=0.1868 seconds=1.22
case=interrupt_consume_5648_s12_p2 sr=0.0 ndtw=0.1941 seconds=1.12
case=interrupt_retain_5648_s12_p2 sr=0.0 ndtw=0.1941 seconds=1.12
case=sense_only_5648_s12_p3 sr=0.0 ndtw=0.1868 seconds=1.17
case=interrupt_consume_5648_s12_p3 sr=0.0 ndtw=0.1905 seconds=1.12
case=interrupt_retain_5648_s12_p3 sr=0.0 ndtw=0.1905 seconds=1.27
case=sense_only_5648_s13_p1 sr=0.0 ndtw=0.1868 seconds=1.16
case=interrupt_consume_5648_s13_p1 sr=0.0 ndtw=0.1995 seconds=1.17
case=interrupt_retain_5648_s13_p1 sr=0.0 ndtw=0.1995 seconds=1.09
case=sense_only_5648_s13_p2 sr=0.0 ndtw=0.1868 seconds=1.17
case=interrupt_consume_5648_s13_p2 sr=0.0 ndtw=0.1941 seconds=1.16
case=interrupt_retain_5648_s13_p2 sr=0.0 ndtw=0.1941 seconds=1.16
case=sense_only_5648_s13_p3 sr=0.0 ndtw=0.1868 seconds=1.25
case=interrupt_consume_5648_s13_p3 sr=0.0 ndtw=0.1905 seconds=1.11
case=interrupt_retain_5648_s13_p3 sr=0.0 ndtw=0.1905 seconds=1.25
Renderer: NVIDIA GeForce RTX 4090/PCIe/SSE2 by NVIDIA Corporation
OpenGL version: 4.6.0 NVIDIA 595.84
Using optional features:
    GL_ARB_ES2_compatibility
    GL_ARB_direct_state_access
    GL_ARB_get_texture_sub_image
    GL_ARB_invalidate_subdata
    GL_ARB_multi_bind
    GL_ARB_robustness
    GL_ARB_separate_shader_objects
    GL_ARB_texture_filter_anisotropic
    GL_ARB_texture_storage
    GL_ARB_texture_storage_multisample
    GL_ARB_vertex_array_object
    GL_KHR_debug
Using driver workarounds:
    no-forward-compatible-core-context
    nv-egl-incorrect-gl11-function-pointers
    no-layout-qualifiers-on-old-glsl
    nv-zero-context-profile-mask
    nv-implementation-color-read-format-dsa-broken
    nv-cubemap-inconsistent-compressed-image-size
    nv-cubemap-broken-full-compressed-image-query
    nv-compressed-block-size-in-bits
case=sense_only_5822_s0_p9 sr=1.0 ndtw=0.8011 seconds=7.75
case=interrupt_consume_5822_s0_p9 sr=1.0 ndtw=0.7862 seconds=0.82
case=interrupt_retain_5822_s0_p9 sr=0.0 ndtw=0.1132 seconds=1.20
case=sense_only_5822_s0_p10 sr=1.0 ndtw=0.8011 seconds=0.90
case=interrupt_consume_5822_s0_p10 sr=0.0 ndtw=0.5825 seconds=1.10
case=interrupt_retain_5822_s0_p10 sr=1.0 ndtw=0.8658 seconds=0.67
case=sense_only_5822_s0_p11 sr=1.0 ndtw=0.8011 seconds=0.86
case=interrupt_consume_5822_s0_p11 sr=1.0 ndtw=0.7639 seconds=0.82
case=interrupt_retain_5822_s0_p11 sr=1.0 ndtw=0.8627 seconds=0.81
case=sense_only_5822_s0_p12 sr=1.0 ndtw=0.8011 seconds=0.83
case=interrupt_consume_5822_s0_p12 sr=0.0 ndtw=0.6746 seconds=0.85
case=interrupt_retain_5822_s0_p12 sr=0.0 ndtw=0.6746 seconds=0.83
case=sense_only_5822_s1_p2 sr=1.0 ndtw=0.8011 seconds=0.88
case=interrupt_consume_5822_s1_p2 sr=1.0 ndtw=0.8037 seconds=0.79
case=interrupt_retain_5822_s1_p2 sr=1.0 ndtw=0.8037 seconds=0.78
case=sense_only_5822_s1_p3 sr=1.0 ndtw=0.8011 seconds=0.88
case=interrupt_consume_5822_s1_p3 sr=0.0 ndtw=0.6542 seconds=1.10
case=interrupt_retain_5822_s1_p3 sr=0.0 ndtw=0.6542 seconds=1.27
case=sense_only_5822_s1_p4 sr=1.0 ndtw=0.8011 seconds=0.86
case=interrupt_consume_5822_s1_p4 sr=1.0 ndtw=0.8671 seconds=0.95
case=interrupt_retain_5822_s1_p4 sr=1.0 ndtw=0.8490 seconds=0.75
case=sense_only_5822_s1_p5 sr=1.0 ndtw=0.8011 seconds=0.84
case=interrupt_consume_5822_s1_p5 sr=0.0 ndtw=0.7150 seconds=1.17
case=interrupt_retain_5822_s1_p5 sr=0.0 ndtw=0.1104 seconds=1.23
case=sense_only_5822_s1_p6 sr=1.0 ndtw=0.8011 seconds=0.91
case=interrupt_consume_5822_s1_p6 sr=0.0 ndtw=0.6341 seconds=1.10
case=interrupt_retain_5822_s1_p6 sr=0.0 ndtw=0.2522 seconds=1.15
case=sense_only_5822_s2_p2 sr=1.0 ndtw=0.8011 seconds=0.93
case=interrupt_consume_5822_s2_p2 sr=1.0 ndtw=0.7817 seconds=0.98
case=interrupt_retain_5822_s2_p2 sr=0.0 ndtw=0.7682 seconds=0.93
case=sense_only_5822_s2_p3 sr=1.0 ndtw=0.8011 seconds=0.85
case=interrupt_consume_5822_s2_p3 sr=1.0 ndtw=0.7628 seconds=1.05
case=interrupt_retain_5822_s2_p3 sr=0.0 ndtw=0.1103 seconds=1.18
case=sense_only_5822_s2_p4 sr=1.0 ndtw=0.8011 seconds=0.85
case=interrupt_consume_5822_s2_p4 sr=1.0 ndtw=0.8010 seconds=1.07
case=interrupt_retain_5822_s2_p4 sr=0.0 ndtw=0.1101 seconds=1.07
case=sense_only_5822_s2_p5 sr=1.0 ndtw=0.8011 seconds=0.90
case=interrupt_consume_5822_s2_p5 sr=0.0 ndtw=0.6744 seconds=0.82
case=interrupt_retain_5822_s2_p5 sr=1.0 ndtw=0.8693 seconds=0.87
case=sense_only_5822_s2_p6 sr=1.0 ndtw=0.8011 seconds=0.92
case=interrupt_consume_5822_s2_p6 sr=0.0 ndtw=0.2201 seconds=1.12
case=interrupt_retain_5822_s2_p6 sr=1.0 ndtw=0.8482 seconds=0.75
case=sense_only_5822_s2_p7 sr=1.0 ndtw=0.8011 seconds=0.76
case=interrupt_consume_5822_s2_p7 sr=1.0 ndtw=0.7817 seconds=0.99
case=interrupt_retain_5822_s2_p7 sr=0.0 ndtw=0.7682 seconds=0.84
case=sense_only_5822_s3_p1 sr=1.0 ndtw=0.8011 seconds=0.76
case=interrupt_consume_5822_s3_p1 sr=1.0 ndtw=0.8429 seconds=0.99
case=interrupt_retain_5822_s3_p1 sr=1.0 ndtw=0.8011 seconds=0.81
case=sense_only_5822_s3_p2 sr=1.0 ndtw=0.8011 seconds=0.96
case=interrupt_consume_5822_s3_p2 sr=0.0 ndtw=0.6157 seconds=1.06
case=interrupt_retain_5822_s3_p2 sr=1.0 ndtw=0.8310 seconds=0.90
case=sense_only_5822_s3_p3 sr=1.0 ndtw=0.8011 seconds=0.75
case=interrupt_consume_5822_s3_p3 sr=1.0 ndtw=0.8343 seconds=0.80
case=interrupt_retain_5822_s3_p3 sr=1.0 ndtw=0.8693 seconds=0.90
Renderer: NVIDIA GeForce RTX 4090/PCIe/SSE2 by NVIDIA Corporation
OpenGL version: 4.6.0 NVIDIA 595.84
Using optional features:
    GL_ARB_ES2_compatibility
    GL_ARB_direct_state_access
    GL_ARB_get_texture_sub_image
    GL_ARB_invalidate_subdata
    GL_ARB_multi_bind
    GL_ARB_robustness
    GL_ARB_separate_shader_objects
    GL_ARB_texture_filter_anisotropic
    GL_ARB_texture_storage
    GL_ARB_texture_storage_multisample
    GL_ARB_vertex_array_object
    GL_KHR_debug
Using driver workarounds:
    no-forward-compatible-core-context
    nv-egl-incorrect-gl11-function-pointers
    no-layout-qualifiers-on-old-glsl
    nv-zero-context-profile-mask
    nv-implementation-color-read-format-dsa-broken
    nv-cubemap-inconsistent-compressed-image-size
    nv-cubemap-broken-full-compressed-image-query
    nv-compressed-block-size-in-bits
case=sense_only_7362_s1_p2 sr=0.0 ndtw=0.6512 seconds=3.68
case=interrupt_consume_7362_s1_p2 sr=1.0 ndtw=0.6772 seconds=0.72
case=interrupt_retain_7362_s1_p2 sr=1.0 ndtw=0.6772 seconds=0.78
case=sense_only_7362_s1_p3 sr=0.0 ndtw=0.6512 seconds=0.67
case=interrupt_consume_7362_s1_p3 sr=1.0 ndtw=0.7364 seconds=0.67
case=interrupt_retain_7362_s1_p3 sr=1.0 ndtw=0.7364 seconds=0.63
case=sense_only_7362_s1_p4 sr=0.0 ndtw=0.6512 seconds=0.76
case=interrupt_consume_7362_s1_p4 sr=0.0 ndtw=0.5763 seconds=0.98
case=interrupt_retain_7362_s1_p4 sr=1.0 ndtw=0.7567 seconds=0.52
case=sense_only_7362_s1_p5 sr=0.0 ndtw=0.6512 seconds=0.66
case=interrupt_consume_7362_s1_p5 sr=1.0 ndtw=0.7403 seconds=0.53
case=interrupt_retain_7362_s1_p5 sr=1.0 ndtw=0.7403 seconds=0.55
case=sense_only_7362_s1_p6 sr=0.0 ndtw=0.6512 seconds=0.79
case=interrupt_consume_7362_s1_p6 sr=1.0 ndtw=0.7160 seconds=0.62
case=interrupt_retain_7362_s1_p6 sr=1.0 ndtw=0.7171 seconds=0.60
case=sense_only_7362_s1_p7 sr=0.0 ndtw=0.6512 seconds=0.61
case=interrupt_consume_7362_s1_p7 sr=1.0 ndtw=0.7500 seconds=0.59
case=interrupt_retain_7362_s1_p7 sr=1.0 ndtw=0.7500 seconds=0.65
case=sense_only_7362_s1_p8 sr=0.0 ndtw=0.6512 seconds=0.77
case=interrupt_consume_7362_s1_p8 sr=1.0 ndtw=0.7360 seconds=0.64
case=interrupt_retain_7362_s1_p8 sr=1.0 ndtw=0.7360 seconds=0.70
Renderer: NVIDIA GeForce RTX 4090/PCIe/SSE2 by NVIDIA Corporation
OpenGL version: 4.6.0 NVIDIA 595.84
Using optional features:
    GL_ARB_ES2_compatibility
    GL_ARB_direct_state_access
    GL_ARB_get_texture_sub_image
    GL_ARB_invalidate_subdata
    GL_ARB_multi_bind
    GL_ARB_robustness
    GL_ARB_separate_shader_objects
    GL_ARB_texture_filter_anisotropic
    GL_ARB_texture_storage
    GL_ARB_texture_storage_multisample
    GL_ARB_vertex_array_object
    GL_KHR_debug
Using driver workarounds:
    no-forward-compatible-core-context
    nv-egl-incorrect-gl11-function-pointers
    no-layout-qualifiers-on-old-glsl
    nv-zero-context-profile-mask
    nv-implementation-color-read-format-dsa-broken
    nv-cubemap-inconsistent-compressed-image-size
    nv-cubemap-broken-full-compressed-image-query
    nv-compressed-block-size-in-bits
case=sense_only_7565_s7_p4 sr=1.0 ndtw=0.9046 seconds=2.00
case=interrupt_consume_7565_s7_p4 sr=1.0 ndtw=0.8646 seconds=0.69
case=interrupt_retain_7565_s7_p4 sr=1.0 ndtw=0.8646 seconds=0.52
Renderer: NVIDIA GeForce RTX 4090/PCIe/SSE2 by NVIDIA Corporation
OpenGL version: 4.6.0 NVIDIA 595.84
Using optional features:
    GL_ARB_ES2_compatibility
    GL_ARB_direct_state_access
    GL_ARB_get_texture_sub_image
    GL_ARB_invalidate_subdata
    GL_ARB_multi_bind
    GL_ARB_robustness
    GL_ARB_separate_shader_objects
    GL_ARB_texture_filter_anisotropic
    GL_ARB_texture_storage
    GL_ARB_texture_storage_multisample
    GL_ARB_vertex_array_object
    GL_KHR_debug
Using driver workarounds:
    no-forward-compatible-core-context
    nv-egl-incorrect-gl11-function-pointers
    no-layout-qualifiers-on-old-glsl
    nv-zero-context-profile-mask
    nv-implementation-color-read-format-dsa-broken
    nv-cubemap-inconsistent-compressed-image-size
    nv-cubemap-broken-full-compressed-image-query
    nv-compressed-block-size-in-bits
case=sense_only_8928_s1_p3 sr=1.0 ndtw=0.6084 seconds=2.20
case=interrupt_consume_8928_s1_p3 sr=1.0 ndtw=0.5869 seconds=1.00
case=interrupt_retain_8928_s1_p3 sr=1.0 ndtw=0.7542 seconds=0.86
case=sense_only_8928_s1_p4 sr=1.0 ndtw=0.6084 seconds=0.98
case=interrupt_consume_8928_s1_p4 sr=0.0 ndtw=0.5924 seconds=1.07
case=interrupt_retain_8928_s1_p4 sr=1.0 ndtw=0.7640 seconds=0.88
case=sense_only_8928_s1_p5 sr=1.0 ndtw=0.6084 seconds=0.93
case=interrupt_consume_8928_s1_p5 sr=1.0 ndtw=0.7699 seconds=0.83
case=interrupt_retain_8928_s1_p5 sr=1.0 ndtw=0.7699 seconds=0.82
case=sense_only_8928_s2_p3 sr=1.0 ndtw=0.6084 seconds=1.05
case=interrupt_consume_8928_s2_p3 sr=0.0 ndtw=0.6224 seconds=0.82
case=interrupt_retain_8928_s2_p3 sr=0.0 ndtw=0.6224 seconds=0.84
case=sense_only_8928_s2_p4 sr=1.0 ndtw=0.6084 seconds=1.07
case=interrupt_consume_8928_s2_p4 sr=1.0 ndtw=0.6148 seconds=1.01
case=interrupt_retain_8928_s2_p4 sr=1.0 ndtw=0.6148 seconds=0.95
case=sense_only_8928_s2_p5 sr=1.0 ndtw=0.6084 seconds=0.98
case=interrupt_consume_8928_s2_p5 sr=1.0 ndtw=0.6139 seconds=0.83
case=interrupt_retain_8928_s2_p5 sr=1.0 ndtw=0.6139 seconds=0.95
case=sense_only_8928_s2_p6 sr=1.0 ndtw=0.6084 seconds=1.04
case=interrupt_consume_8928_s2_p6 sr=1.0 ndtw=0.6780 seconds=0.96
case=interrupt_retain_8928_s2_p6 sr=1.0 ndtw=0.6780 seconds=0.88
case=sense_only_8928_s3_p1 sr=1.0 ndtw=0.6084 seconds=1.05
case=interrupt_consume_8928_s3_p1 sr=0.0 ndtw=0.5902 seconds=1.09
case=interrupt_retain_8928_s3_p1 sr=0.0 ndtw=0.5902 seconds=0.93
case=sense_only_8928_s3_p2 sr=1.0 ndtw=0.6084 seconds=0.87
case=interrupt_consume_8928_s3_p2 sr=1.0 ndtw=0.5798 seconds=1.11
case=interrupt_retain_8928_s3_p2 sr=1.0 ndtw=0.5798 seconds=0.99
case=sense_only_8928_s3_p3 sr=1.0 ndtw=0.6084 seconds=0.93
case=interrupt_consume_8928_s3_p3 sr=1.0 ndtw=0.6780 seconds=1.02
case=interrupt_retain_8928_s3_p3 sr=1.0 ndtw=0.6780 seconds=0.96
case=sense_only_8928_s4_p3 sr=1.0 ndtw=0.6084 seconds=0.92
case=interrupt_consume_8928_s4_p3 sr=1.0 ndtw=0.6047 seconds=0.85
case=interrupt_retain_8928_s4_p3 sr=0.0 ndtw=0.5110 seconds=0.88
case=sense_only_8928_s4_p4 sr=1.0 ndtw=0.6084 seconds=1.02
case=interrupt_consume_8928_s4_p4 sr=0.0 ndtw=0.6146 seconds=0.85
case=interrupt_retain_8928_s4_p4 sr=0.0 ndtw=0.6155 seconds=0.82
case=sense_only_8928_s4_p5 sr=1.0 ndtw=0.6084 seconds=0.97
case=interrupt_consume_8928_s4_p5 sr=0.0 ndtw=0.5858 seconds=1.13
case=interrupt_retain_8928_s4_p5 sr=1.0 ndtw=0.8009 seconds=0.81
case=sense_only_8928_s4_p6 sr=1.0 ndtw=0.6084 seconds=1.08
case=interrupt_consume_8928_s4_p6 sr=1.0 ndtw=0.7753 seconds=0.79
case=interrupt_retain_8928_s4_p6 sr=1.0 ndtw=0.7545 seconds=0.89
case=sense_only_8928_s4_p7 sr=1.0 ndtw=0.6084 seconds=0.97
case=interrupt_consume_8928_s4_p7 sr=0.0 ndtw=0.6174 seconds=0.86
case=interrupt_retain_8928_s4_p7 sr=0.0 ndtw=0.6174 seconds=0.79
case=sense_only_8928_s5_p2 sr=1.0 ndtw=0.6084 seconds=1.04
case=interrupt_consume_8928_s5_p2 sr=0.0 ndtw=0.6160 seconds=0.91
case=interrupt_retain_8928_s5_p2 sr=0.0 ndtw=0.6160 seconds=0.96
case=sense_only_8928_s5_p3 sr=1.0 ndtw=0.6084 seconds=0.91
case=interrupt_consume_8928_s5_p3 sr=0.0 ndtw=0.6155 seconds=0.90
case=interrupt_retain_8928_s5_p3 sr=0.0 ndtw=0.6155 seconds=0.92
case=sense_only_8928_s5_p4 sr=1.0 ndtw=0.6084 seconds=1.02
case=interrupt_consume_8928_s5_p4 sr=0.0 ndtw=0.5797 seconds=0.92
case=interrupt_retain_8928_s5_p4 sr=0.0 ndtw=0.5797 seconds=0.87
case=sense_only_8928_s5_p5 sr=1.0 ndtw=0.6084 seconds=1.09
case=interrupt_consume_8928_s5_p5 sr=0.0 ndtw=0.5789 seconds=1.07
case=interrupt_retain_8928_s5_p5 sr=0.0 ndtw=0.5789 seconds=0.92
case=sense_only_8928_s6_p2 sr=1.0 ndtw=0.6084 seconds=0.84
case=interrupt_consume_8928_s6_p2 sr=1.0 ndtw=0.8543 seconds=0.99
case=interrupt_retain_8928_s6_p2 sr=1.0 ndtw=0.7589 seconds=1.08
case=sense_only_8928_s6_p3 sr=1.0 ndtw=0.6084 seconds=0.92
case=interrupt_consume_8928_s6_p3 sr=0.0 ndtw=0.6691 seconds=0.90
case=interrupt_retain_8928_s6_p3 sr=0.0 ndtw=0.6691 seconds=1.13
case=sense_only_8928_s6_p4 sr=1.0 ndtw=0.6084 seconds=1.00
case=interrupt_consume_8928_s6_p4 sr=1.0 ndtw=0.6566 seconds=0.87
case=interrupt_retain_8928_s6_p4 sr=0.0 ndtw=0.6679 seconds=0.90
case=sense_only_8928_s6_p5 sr=1.0 ndtw=0.6084 seconds=1.05
case=interrupt_consume_8928_s6_p5 sr=1.0 ndtw=0.7561 seconds=0.82
case=interrupt_retain_8928_s6_p5 sr=1.0 ndtw=0.8697 seconds=0.75
case=sense_only_8928_s6_p6 sr=1.0 ndtw=0.6084 seconds=0.91
case=interrupt_consume_8928_s6_p6 sr=0.0 ndtw=0.6177 seconds=0.76
case=interrupt_retain_8928_s6_p6 sr=0.0 ndtw=0.6177 seconds=0.94
case=sense_only_8928_s7_p2 sr=1.0 ndtw=0.6084 seconds=1.04
case=interrupt_consume_8928_s7_p2 sr=0.0 ndtw=0.3439 seconds=0.92
case=interrupt_retain_8928_s7_p2 sr=0.0 ndtw=0.3439 seconds=1.06
case=sense_only_8928_s7_p3 sr=1.0 ndtw=0.6084 seconds=0.92
case=interrupt_consume_8928_s7_p3 sr=1.0 ndtw=0.6201 seconds=0.98
case=interrupt_retain_8928_s7_p3 sr=1.0 ndtw=0.8700 seconds=0.91
case=sense_only_8928_s7_p4 sr=1.0 ndtw=0.6084 seconds=0.87
case=interrupt_consume_8928_s7_p4 sr=0.0 ndtw=0.3429 seconds=1.09
case=interrupt_retain_8928_s7_p4 sr=0.0 ndtw=0.3429 seconds=1.08
case=sense_only_8928_s7_p5 sr=1.0 ndtw=0.6084 seconds=0.93
case=interrupt_consume_8928_s7_p5 sr=1.0 ndtw=0.6175 seconds=0.84
case=interrupt_retain_8928_s7_p5 sr=1.0 ndtw=0.7840 seconds=1.15
case=sense_only_8928_s7_p6 sr=1.0 ndtw=0.6084 seconds=1.05
case=interrupt_consume_8928_s7_p6 sr=1.0 ndtw=0.6084 seconds=0.91
case=interrupt_retain_8928_s7_p6 sr=1.0 ndtw=0.7840 seconds=0.92
case=sense_only_8928_s7_p7 sr=1.0 ndtw=0.6084 seconds=1.08
case=interrupt_consume_8928_s7_p7 sr=1.0 ndtw=0.6084 seconds=0.96
case=interrupt_retain_8928_s7_p7 sr=1.0 ndtw=0.7840 seconds=0.97
case=sense_only_8928_s7_p8 sr=1.0 ndtw=0.6084 seconds=0.90
case=interrupt_consume_8928_s7_p8 sr=1.0 ndtw=0.6084 seconds=1.10
case=interrupt_retain_8928_s7_p8 sr=1.0 ndtw=0.7840 seconds=0.97
case=sense_only_8928_s7_p9 sr=1.0 ndtw=0.6084 seconds=0.91
case=interrupt_consume_8928_s7_p9 sr=1.0 ndtw=0.6084 seconds=1.07
case=interrupt_retain_8928_s7_p9 sr=1.0 ndtw=0.7840 seconds=0.98
case=sense_only_8928_s11_p10 sr=1.0 ndtw=0.6084 seconds=0.92
case=interrupt_consume_8928_s11_p10 sr=0.0 ndtw=0.4196 seconds=0.98
case=interrupt_retain_8928_s11_p10 sr=0.0 ndtw=0.4813 seconds=1.07
case=sense_only_8928_s11_p12 sr=1.0 ndtw=0.6084 seconds=0.93
case=interrupt_consume_8928_s11_p12 sr=0.0 ndtw=0.5670 seconds=0.96
case=interrupt_retain_8928_s11_p12 sr=0.0 ndtw=0.5670 seconds=0.92
Renderer: NVIDIA GeForce RTX 4090/PCIe/SSE2 by NVIDIA Corporation
OpenGL version: 4.6.0 NVIDIA 595.84
Using optional features:
    GL_ARB_ES2_compatibility
    GL_ARB_direct_state_access
    GL_ARB_get_texture_sub_image
    GL_ARB_invalidate_subdata
    GL_ARB_multi_bind
    GL_ARB_robustness
    GL_ARB_separate_shader_objects
    GL_ARB_texture_filter_anisotropic
    GL_ARB_texture_storage
    GL_ARB_texture_storage_multisample
    GL_ARB_vertex_array_object
    GL_KHR_debug
Using driver workarounds:
    no-forward-compatible-core-context
    nv-egl-incorrect-gl11-function-pointers
    no-layout-qualifiers-on-old-glsl
    nv-zero-context-profile-mask
    nv-implementation-color-read-format-dsa-broken
    nv-cubemap-inconsistent-compressed-image-size
    nv-cubemap-broken-full-compressed-image-query
    nv-compressed-block-size-in-bits
case=sense_only_9182_s1_p7 sr=1.0 ndtw=0.8585 seconds=6.42
case=interrupt_consume_9182_s1_p7 sr=1.0 ndtw=0.9042 seconds=0.45
case=interrupt_retain_9182_s1_p7 sr=1.0 ndtw=0.9042 seconds=0.48
case=sense_only_9182_s1_p8 sr=1.0 ndtw=0.8585 seconds=0.44
case=interrupt_consume_9182_s1_p8 sr=1.0 ndtw=0.8226 seconds=0.59
case=interrupt_retain_9182_s1_p8 sr=1.0 ndtw=0.8226 seconds=0.48
case=sense_only_9182_s1_p9 sr=1.0 ndtw=0.8585 seconds=0.45
case=interrupt_consume_9182_s1_p9 sr=1.0 ndtw=0.8465 seconds=0.54
case=interrupt_retain_9182_s1_p9 sr=1.0 ndtw=0.8465 seconds=0.49
case=sense_only_9182_s2_p2 sr=1.0 ndtw=0.8585 seconds=0.46
case=interrupt_consume_9182_s2_p2 sr=1.0 ndtw=0.9030 seconds=0.50
case=interrupt_retain_9182_s2_p2 sr=1.0 ndtw=0.8378 seconds=0.53
case=sense_only_9182_s2_p3 sr=1.0 ndtw=0.8585 seconds=0.47
case=interrupt_consume_9182_s2_p3 sr=1.0 ndtw=0.8401 seconds=0.51
case=interrupt_retain_9182_s2_p3 sr=1.0 ndtw=0.8960 seconds=0.63
Renderer: NVIDIA GeForce RTX 4090/PCIe/SSE2 by NVIDIA Corporation
OpenGL version: 4.6.0 NVIDIA 595.84
Using optional features:
    GL_ARB_ES2_compatibility
    GL_ARB_direct_state_access
    GL_ARB_get_texture_sub_image
    GL_ARB_invalidate_subdata
    GL_ARB_multi_bind
    GL_ARB_robustness
    GL_ARB_separate_shader_objects
    GL_ARB_texture_filter_anisotropic
    GL_ARB_texture_storage
    GL_ARB_texture_storage_multisample
    GL_ARB_vertex_array_object
    GL_KHR_debug
Using driver workarounds:
    no-forward-compatible-core-context
    nv-egl-incorrect-gl11-function-pointers
    no-layout-qualifiers-on-old-glsl
    nv-zero-context-profile-mask
    nv-implementation-color-read-format-dsa-broken
    nv-cubemap-inconsistent-compressed-image-size
    nv-cubemap-broken-full-compressed-image-query
    nv-compressed-block-size-in-bits
case=sense_only_9295_s1_p4 sr=1.0 ndtw=0.9253 seconds=1.61
case=interrupt_consume_9295_s1_p4 sr=1.0 ndtw=0.9241 seconds=0.53
case=interrupt_retain_9295_s1_p4 sr=1.0 ndtw=0.9241 seconds=0.67
