Renderer: NVIDIA GeForce RTX 4090/PCIe/SSE2 by NVIDIA Corporation
OpenGL version: 4.6.0 NVIDIA 595.84
Using optional features:
    GL_ARB_ES2_compatibility
    GL_ARB_direct_state_access
    GL_ARB_get_texture_sub_image
    GL_ARB_invalidate_subdata
    GL_ARB_multi_bind
    GL_ARB_robustness
    GL_ARB_separate_shader_objects
    GL_ARB_texture_filter_anisotropic
    GL_ARB_texture_storage
    GL_ARB_texture_storage_multisample
    GL_ARB_vertex_array_object
    GL_KHR_debug
Using driver workarounds:
    no-forward-compatible-core-context
    nv-egl-incorrect-gl11-function-pointers
    no-layout-qualifiers-on-old-glsl
    nv-zero-context-profile-mask
    nv-implementation-color-read-format-dsa-broken
    nv-cubemap-inconsistent-compressed-image-size
    nv-cubemap-broken-full-compressed-image-query
    nv-compressed-block-size-in-bits
episode=9422 decisions=7 forward_branches=43 reversed_branches=13
episode=4448 decisions=13 forward_branches=111 reversed_branches=40
episode=478 decisions=19 forward_branches=157 reversed_branches=55
episode=8255 decisions=26 forward_branches=209 reversed_branches=66
episode=5195 decisions=35 forward_branches=329 reversed_branches=94
episode=6785 decisions=41 forward_branches=363 reversed_branches=106
episode=5579 decisions=47 forward_branches=413 reversed_branches=127
episode=10214 decisions=51 forward_branches=437 reversed_branches=139
episode=2060 decisions=57 forward_branches=488 reversed_branches=154
episode=9416 decisions=63 forward_branches=533 reversed_branches=166
episode=10424 decisions=71 forward_branches=614 reversed_branches=177
episode=5270 decisions=86 forward_branches=723 reversed_branches=189
Renderer: NVIDIA GeForce RTX 4090/PCIe/SSE2 by NVIDIA Corporation
OpenGL version: 4.6.0 NVIDIA 595.84
Using optional features:
    GL_ARB_ES2_compatibility
    GL_ARB_direct_state_access
    GL_ARB_get_texture_sub_image
    GL_ARB_invalidate_subdata
    GL_ARB_multi_bind
    GL_ARB_robustness
    GL_ARB_separate_shader_objects
    GL_ARB_texture_filter_anisotropic
    GL_ARB_texture_storage
    GL_ARB_texture_storage_multisample
    GL_ARB_vertex_array_object
    GL_KHR_debug
Using driver workarounds:
    no-forward-compatible-core-context
    nv-egl-incorrect-gl11-function-pointers
    no-layout-qualifiers-on-old-glsl
    nv-zero-context-profile-mask
    nv-implementation-color-read-format-dsa-broken
    nv-cubemap-inconsistent-compressed-image-size
    nv-cubemap-broken-full-compressed-image-query
    nv-compressed-block-size-in-bits
episode=6080 decisions=95 forward_branches=858 reversed_branches=215
episode=2765 decisions=99 forward_branches=890 reversed_branches=227
episode=2906 decisions=107 forward_branches=1003 reversed_branches=239
episode=8405 decisions=115 forward_branches=1093 reversed_branches=265
episode=3533 decisions=119 forward_branches=1118 reversed_branches=279
episode=5918 decisions=124 forward_branches=1164 reversed_branches=294
episode=8594 decisions=133 forward_branches=1282 reversed_branches=313
episode=10184 decisions=140 forward_branches=1354 reversed_branches=326
episode=8117 decisions=147 forward_branches=1463 reversed_branches=352
episode=927 decisions=152 forward_branches=1510 reversed_branches=369
episode=1382 decisions=159 forward_branches=1567 reversed_branches=386
episode=626 decisions=163 forward_branches=1596 reversed_branches=398
Renderer: NVIDIA GeForce RTX 4090/PCIe/SSE2 by NVIDIA Corporation
OpenGL version: 4.6.0 NVIDIA 595.84
Using optional features:
    GL_ARB_ES2_compatibility
    GL_ARB_direct_state_access
    GL_ARB_get_texture_sub_image
    GL_ARB_invalidate_subdata
    GL_ARB_multi_bind
    GL_ARB_robustness
    GL_ARB_separate_shader_objects
    GL_ARB_texture_filter_anisotropic
    GL_ARB_texture_storage
    GL_ARB_texture_storage_multisample
    GL_ARB_vertex_array_object
    GL_KHR_debug
Using driver workarounds:
    no-forward-compatible-core-context
    nv-egl-incorrect-gl11-function-pointers
    no-layout-qualifiers-on-old-glsl
    nv-zero-context-profile-mask
    nv-implementation-color-read-format-dsa-broken
    nv-cubemap-inconsistent-compressed-image-size
    nv-cubemap-broken-full-compressed-image-query
    nv-compressed-block-size-in-bits
episode=127 decisions=168 forward_branches=1644 reversed_branches=412
episode=4907 decisions=177 forward_branches=1763 reversed_branches=439
episode=1889 decisions=186 forward_branches=1846 reversed_branches=452
episode=1412 decisions=191 forward_branches=1880 reversed_branches=465
episode=2252 decisions=195 forward_branches=1912 reversed_branches=480
episode=2132 decisions=200 forward_branches=1962 reversed_branches=502
episode=85 decisions=208 forward_branches=2060 reversed_branches=533
episode=4427 decisions=216 forward_branches=2124 reversed_branches=550
episode=8288 decisions=222 forward_branches=2183 reversed_branches=569
episode=4019 decisions=229 forward_branches=2251 reversed_branches=580
episode=2093 decisions=235 forward_branches=2298 reversed_branches=596
episode=8996 decisions=244 forward_branches=2400 reversed_branches=618
Renderer: NVIDIA GeForce RTX 4090/PCIe/SSE2 by NVIDIA Corporation
OpenGL version: 4.6.0 NVIDIA 595.84
Using optional features:
    GL_ARB_ES2_compatibility
    GL_ARB_direct_state_access
    GL_ARB_get_texture_sub_image
    GL_ARB_invalidate_subdata
    GL_ARB_multi_bind
    GL_ARB_robustness
    GL_ARB_separate_shader_objects
    GL_ARB_texture_filter_anisotropic
    GL_ARB_texture_storage
    GL_ARB_texture_storage_multisample
    GL_ARB_vertex_array_object
    GL_KHR_debug
Using driver workarounds:
    no-forward-compatible-core-context
    nv-egl-incorrect-gl11-function-pointers
    no-layout-qualifiers-on-old-glsl
    nv-zero-context-profile-mask
    nv-implementation-color-read-format-dsa-broken
    nv-cubemap-inconsistent-compressed-image-size
    nv-cubemap-broken-full-compressed-image-query
    nv-compressed-block-size-in-bits
episode=8285 decisions=259 forward_branches=2622 reversed_branches=641
episode=6590 decisions=264 forward_branches=2681 reversed_branches=667
episode=6410 decisions=270 forward_branches=2727 reversed_branches=688
episode=1284 decisions=276 forward_branches=2788 reversed_branches=699
episode=25 decisions=289 forward_branches=2973 reversed_branches=728
episode=7547 decisions=298 forward_branches=3134 reversed_branches=763
episode=6524 decisions=305 forward_branches=3222 reversed_branches=784
episode=10484 decisions=316 forward_branches=3397 reversed_branches=834
episode=2210 decisions=321 forward_branches=3437 reversed_branches=855
episode=2615 decisions=330 forward_branches=3533 reversed_branches=873
episode=8864 decisions=345 forward_branches=3677 reversed_branches=879
episode=3161 decisions=360 forward_branches=3932 reversed_branches=914
Renderer: NVIDIA GeForce RTX 4090/PCIe/SSE2 by NVIDIA Corporation
OpenGL version: 4.6.0 NVIDIA 595.84
Using optional features:
    GL_ARB_ES2_compatibility
    GL_ARB_direct_state_access
    GL_ARB_get_texture_sub_image
    GL_ARB_invalidate_subdata
    GL_ARB_multi_bind
    GL_ARB_robustness
    GL_ARB_separate_shader_objects
    GL_ARB_texture_filter_anisotropic
    GL_ARB_texture_storage
    GL_ARB_texture_storage_multisample
    GL_ARB_vertex_array_object
    GL_KHR_debug
Using driver workarounds:
    no-forward-compatible-core-context
    nv-egl-incorrect-gl11-function-pointers
    no-layout-qualifiers-on-old-glsl
    nv-zero-context-profile-mask
    nv-implementation-color-read-format-dsa-broken
    nv-cubemap-inconsistent-compressed-image-size
    nv-cubemap-broken-full-compressed-image-query
    nv-compressed-block-size-in-bits
episode=10265 decisions=370 forward_branches=4113 reversed_branches=958
episode=9089 decisions=376 forward_branches=4173 reversed_branches=975
episode=5948 decisions=381 forward_branches=4208 reversed_branches=988
episode=4076 decisions=386 forward_branches=4243 reversed_branches=999
episode=8828 decisions=393 forward_branches=4294 reversed_branches=1015
episode=3560 decisions=397 forward_branches=4324 reversed_branches=1030
episode=740 decisions=402 forward_branches=4371 reversed_branches=1047
episode=4784 decisions=407 forward_branches=4415 reversed_branches=1063
episode=9377 decisions=412 forward_branches=4457 reversed_branches=1081
episode=9086 decisions=417 forward_branches=4499 reversed_branches=1096
episode=1278 decisions=423 forward_branches=4538 reversed_branches=1108
episode=5657 decisions=427 forward_branches=4570 reversed_branches=1124
Renderer: NVIDIA GeForce RTX 4090/PCIe/SSE2 by NVIDIA Corporation
OpenGL version: 4.6.0 NVIDIA 595.84
Using optional features:
    GL_ARB_ES2_compatibility
    GL_ARB_direct_state_access
    GL_ARB_get_texture_sub_image
    GL_ARB_invalidate_subdata
    GL_ARB_multi_bind
    GL_ARB_robustness
    GL_ARB_separate_shader_objects
    GL_ARB_texture_filter_anisotropic
    GL_ARB_texture_storage
    GL_ARB_texture_storage_multisample
    GL_ARB_vertex_array_object
    GL_KHR_debug
Using driver workarounds:
    no-forward-compatible-core-context
    nv-egl-incorrect-gl11-function-pointers
    no-layout-qualifiers-on-old-glsl
    nv-zero-context-profile-mask
    nv-implementation-color-read-format-dsa-broken
    nv-cubemap-inconsistent-compressed-image-size
    nv-cubemap-broken-full-compressed-image-query
    nv-compressed-block-size-in-bits
episode=827 decisions=435 forward_branches=4698 reversed_branches=1165
episode=4193 decisions=446 forward_branches=4851 reversed_branches=1192
episode=3257 decisions=455 forward_branches=4944 reversed_branches=1226
episode=9656 decisions=465 forward_branches=5086 reversed_branches=1252
episode=3398 decisions=478 forward_branches=5319 reversed_branches=1281
episode=1685 decisions=484 forward_branches=5366 reversed_branches=1290
episode=5888 decisions=493 forward_branches=5493 reversed_branches=1322
episode=454 decisions=505 forward_branches=5733 reversed_branches=1364
episode=2414 decisions=516 forward_branches=5862 reversed_branches=1391
episode=10046 decisions=524 forward_branches=5968 reversed_branches=1426
episode=3416 decisions=530 forward_branches=6007 reversed_branches=1441
episode=7394 decisions=535 forward_branches=6050 reversed_branches=1455
Renderer: NVIDIA GeForce RTX 4090/PCIe/SSE2 by NVIDIA Corporation
OpenGL version: 4.6.0 NVIDIA 595.84
Using optional features:
    GL_ARB_ES2_compatibility
    GL_ARB_direct_state_access
    GL_ARB_get_texture_sub_image
    GL_ARB_invalidate_subdata
    GL_ARB_multi_bind
    GL_ARB_robustness
    GL_ARB_separate_shader_objects
    GL_ARB_texture_filter_anisotropic
    GL_ARB_texture_storage
    GL_ARB_texture_storage_multisample
    GL_ARB_vertex_array_object
    GL_KHR_debug
Using driver workarounds:
    no-forward-compatible-core-context
    nv-egl-incorrect-gl11-function-pointers
    no-layout-qualifiers-on-old-glsl
    nv-zero-context-profile-mask
    nv-implementation-color-read-format-dsa-broken
    nv-cubemap-inconsistent-compressed-image-size
    nv-cubemap-broken-full-compressed-image-query
    nv-compressed-block-size-in-bits
episode=4184 decisions=540 forward_branches=6080 reversed_branches=1468
episode=7511 decisions=545 forward_branches=6122 reversed_branches=1483
episode=524 decisions=549 forward_branches=6150 reversed_branches=1493
episode=6659 decisions=558 forward_branches=6233 reversed_branches=1508
episode=1544 decisions=565 forward_branches=6298 reversed_branches=1534
episode=1490 decisions=574 forward_branches=6406 reversed_branches=1564
episode=4964 decisions=580 forward_branches=6457 reversed_branches=1579
episode=7457 decisions=595 forward_branches=6537 reversed_branches=1591
episode=10199 decisions=610 forward_branches=6706 reversed_branches=1616
episode=10625 decisions=620 forward_branches=6811 reversed_branches=1638
episode=5591 decisions=630 forward_branches=6916 reversed_branches=1651
episode=2294 decisions=636 forward_branches=6978 reversed_branches=1678
Renderer: NVIDIA GeForce RTX 4090/PCIe/SSE2 by NVIDIA Corporation
OpenGL version: 4.6.0 NVIDIA 595.84
Using optional features:
    GL_ARB_ES2_compatibility
    GL_ARB_direct_state_access
    GL_ARB_get_texture_sub_image
    GL_ARB_invalidate_subdata
    GL_ARB_multi_bind
    GL_ARB_robustness
    GL_ARB_separate_shader_objects
    GL_ARB_texture_filter_anisotropic
    GL_ARB_texture_storage
    GL_ARB_texture_storage_multisample
    GL_ARB_vertex_array_object
    GL_KHR_debug
Using driver workarounds:
    no-forward-compatible-core-context
    nv-egl-incorrect-gl11-function-pointers
    no-layout-qualifiers-on-old-glsl
    nv-zero-context-profile-mask
    nv-implementation-color-read-format-dsa-broken
    nv-cubemap-inconsistent-compressed-image-size
    nv-cubemap-broken-full-compressed-image-query
    nv-compressed-block-size-in-bits
episode=3332 decisions=641 forward_branches=7013 reversed_branches=1692
episode=1288 decisions=651 forward_branches=7158 reversed_branches=1731
episode=5555 decisions=657 forward_branches=7203 reversed_branches=1748
episode=351 decisions=664 forward_branches=7273 reversed_branches=1768
episode=2501 decisions=669 forward_branches=7316 reversed_branches=1787
episode=2597 decisions=676 forward_branches=7390 reversed_branches=1814
episode=8960 decisions=684 forward_branches=7465 reversed_branches=1831
episode=3284 decisions=693 forward_branches=7575 reversed_branches=1852
episode=8054 decisions=698 forward_branches=7626 reversed_branches=1869
episode=1275 decisions=704 forward_branches=7685 reversed_branches=1879
episode=5663 decisions=713 forward_branches=7764 reversed_branches=1893
episode=6656 decisions=720 forward_branches=7829 reversed_branches=1911
{
  "experiment_id": "GRAPH-VALUE-ROUTE-DISJOINT-TRAIN96-002",
  "episodes": 96,
  "scenes": 8,
  "decisions": 720,
  "forward_branches": 7829,
  "reversed_decisions": 192,
  "reversed_branches": 1911,
  "selected_sentinels_passed": 720,
  "order_checks_passed": 1911,
  "max_sentinel_endpoint_error_m": 0.0,
  "max_order_endpoint_error_m": 0.0,
  "sentinel_sensor_matches": 720,
  "order_sensor_matches": 1911,
  "all_required_gates_passed": true,
  "baseline_noninterference_passed": true,
  "all_admissible_options_complete": true,
  "masked_budget_options_skipped": 94,
  "limits": "96 routes in 8 scenes selected by metadata only; all registered diagnostic and validation route sources excluded; scene overlap remains allowed; one simulator seed; no benchmark claim.",
  "privileged_analysis_only": true
}
