{
  "manifest": "research/results/graph_value_prospective_replication_001/sampling_001/manifest.json",
  "manifest_sha256": "007e93651d058d921b6b2fd9d271686d5148729586cfec5aa96e5a27742f1617",
  "selected_routes": 96,
  "sources": [
    {
      "source": "research/results/graph_option_pilot/train8_sampling/manifest.json",
      "records": 8,
      "routes": 8,
      "overlap_routes": 0,
      "unresolved_records": 0,
      "sha256": "4558c98cbb2628a4dfdc310d61d7ee95869fcfedd8e93acba3df7941564bf780"
    },
    {
      "source": "research/results/graph_option_train64/sampling_001/manifest.json",
      "records": 64,
      "routes": 64,
      "overlap_routes": 0,
      "unresolved_records": 0,
      "sha256": "add89444e76a5aff6e8535416b6995b1c300f56c437112aa147759258d5bacf2"
    },
    {
      "source": "research/results/continuation_label_train64/sampling_001/manifest.json",
      "records": 64,
      "routes": 64,
      "overlap_routes": 0,
      "unresolved_records": 0,
      "sha256": "d6380b5d04f12d4f5a0ba207e593254a64719ad16533f17ac6cabfbf2eb187d4"
    },
    {
      "source": "research/results/full_return_label_train16/sampling_001/manifest.json",
      "records": 16,
      "routes": 16,
      "overlap_routes": 0,
      "unresolved_records": 0,
      "sha256": "a6326b56df738feb18bbf4b0058d27583e867198a1a893a0a503e7590880b2d2"
    },
    {
      "source": "research/results/graph_value_fresh_train64/sampling_001/manifest.json",
      "records": 64,
      "routes": 64,
      "overlap_routes": 0,
      "unresolved_records": 0,
      "sha256": "c04f69c57626a187c2401b1b5b8cb6ba5c6720d8a3de0555082520d56bda2dd2"
    },
    {
      "source": "research/results/graph_value_route_disjoint_confirmation_train96/sampling_001/manifest.json",
      "records": 96,
      "routes": 96,
      "overlap_routes": 0,
      "unresolved_records": 0,
      "sha256": "1e569e8b395c1c5e0cb8c4a0c4c173efe95a8a6a6cd447ddbb94c02f1142662d"
    },
    {
      "source": "research/results/action_abstraction/ranker_train64_oracle.jsonl",
      "records": 489,
      "routes": 41,
      "overlap_routes": 0,
      "unresolved_records": 0,
      "sha256": "20017ce953b9defd543ef20f28e3888818ec0a0d7af39ce22bb29eeeb586f86b"
    },
    {
      "source": "research/results/action_abstraction/ranker_embedding_train64_oracle.jsonl",
      "records": 489,
      "routes": 41,
      "overlap_routes": 0,
      "unresolved_records": 0,
      "sha256": "20017ce953b9defd543ef20f28e3888818ec0a0d7af39ce22bb29eeeb586f86b"
    },
    {
      "source": "research/results/action_abstraction/ranker_embedding_train320_oracle.jsonl",
      "records": 2928,
      "routes": 118,
      "overlap_routes": 0,
      "unresolved_records": 0,
      "sha256": "532d8b461d5166d248a9363c9e1c4b9a14b83fe959de97c05e922004d5c1892c"
    },
    {
      "source": "research/results/action_abstraction/ranker_embedding_train960_oracle.jsonl",
      "records": 7813,
      "routes": 328,
      "overlap_routes": 0,
      "unresolved_records": 0,
      "sha256": "6000a51c1cb264e4e4658c8b869129e32f7bf47158db4724ba3ac9d38e129513"
    },
    {
      "source": "data/datasets/R2R_VLNCE_v1-2_preprocessed_BERTidx/val_seen/val_seen_bertidx.json.gz",
      "records": 778,
      "routes": 259,
      "overlap_routes": 0,
      "unresolved_records": 0,
      "sha256": "83b231674ae3a18cb02b3d65847377e978f45cc35682f807c03becc38b09410c"
    },
    {
      "source": "data/datasets/R2R_VLNCE_v1-2_preprocessed_BERTidx/val_unseen/val_unseen_bertidx.json.gz",
      "records": 1839,
      "routes": 613,
      "overlap_routes": 0,
      "unresolved_records": 0,
      "sha256": "7db0a39bef374cf5ce986473f8b35c9721f962c6c1a9af069257aa710df16365"
    },
    {
      "source": "research/results/graph_value_route_disjoint_confirmation_train96/sampling_002/manifest.json",
      "records": 96,
      "routes": 96,
      "overlap_routes": 0,
      "unresolved_records": 0,
      "sha256": "341628153102ab5bf6f91bbd5e0f88901ddad06c16d1747fea64a621824a2db6"
    }
  ],
  "overlaps": [],
  "overlap_route_count": 0,
  "valid_for_confirmation": true,
  "audit_script_sha256": "8c717e6c1f7ff944fc830758fc23d9019a1a0531cbfd552765b6642be8d432b5",
  "interpretation": "Validity covers declared source routes only, not scene independence or checkpoint training holdout. Nonzero overlap invalidates route-disjoint confirmation."
}
