{
  "experiment_id": "GRAPH-VALUE-PROSPECTIVE-REPLICATION-001",
  "source": "data/datasets/R2R_VLNCE_v1-2_preprocessed_BERTidx/train/train_bertidx.json.gz",
  "source_sha256": "b43db098cbf6bdf05fdccd9992b87a9aee58eef5c74adc62d92cfe636baf2f4d",
  "dataset_path": "research/results/graph_value_prospective_replication_001/sampling_001/train96_bertidx.json.gz",
  "dataset_sha256": "fc25a07d34aee09a167078a943712c3f6119d0c774b986172c25ed191cbfb80b",
  "selection_seed": 20261024,
  "scenes": [
    "mp3d/ZMojNkEp431/ZMojNkEp431.glb",
    "mp3d/D7N2EKCX4Sj/D7N2EKCX4Sj.glb",
    "mp3d/1pXnuDYAj8r/1pXnuDYAj8r.glb",
    "mp3d/pRbA3pwrgk9/pRbA3pwrgk9.glb",
    "mp3d/sKLMLpTHeUy/sKLMLpTHeUy.glb",
    "mp3d/8WUmhLawc2A/8WUmhLawc2A.glb",
    "mp3d/17DRP5sb8fy/17DRP5sb8fy.glb",
    "mp3d/Vvot9Ly1tCj/Vvot9Ly1tCj.glb"
  ],
  "routes_per_scene": 12,
  "selected_routes": 96,
  "selected_episodes": 96,
  "excluded_routes": 1584,
  "selection_rule": "metadata-only seeded route order after exact prior-route exclusion; no outcomes used",
  "scene_overlap_allowed": true,
  "route_overlap": 0,
  "scene_counts": {
    "mp3d/ZMojNkEp431/ZMojNkEp431.glb": 12,
    "mp3d/D7N2EKCX4Sj/D7N2EKCX4Sj.glb": 12,
    "mp3d/1pXnuDYAj8r/1pXnuDYAj8r.glb": 12,
    "mp3d/pRbA3pwrgk9/pRbA3pwrgk9.glb": 12,
    "mp3d/sKLMLpTHeUy/sKLMLpTHeUy.glb": 12,
    "mp3d/8WUmhLawc2A/8WUmhLawc2A.glb": 12,
    "mp3d/17DRP5sb8fy/17DRP5sb8fy.glb": 12,
    "mp3d/Vvot9Ly1tCj/Vvot9Ly1tCj.glb": 12
  },
  "excluded_sources": {
    "research/results/graph_option_pilot/train8_sampling/manifest.json": {
      "records": 8,
      "routes": 8,
      "sha256": "4558c98cbb2628a4dfdc310d61d7ee95869fcfedd8e93acba3df7941564bf780"
    },
    "research/results/graph_option_train64/sampling_001/manifest.json": {
      "records": 64,
      "routes": 64,
      "sha256": "add89444e76a5aff6e8535416b6995b1c300f56c437112aa147759258d5bacf2"
    },
    "research/results/continuation_label_train64/sampling_001/manifest.json": {
      "records": 64,
      "routes": 64,
      "sha256": "d6380b5d04f12d4f5a0ba207e593254a64719ad16533f17ac6cabfbf2eb187d4"
    },
    "research/results/full_return_label_train16/sampling_001/manifest.json": {
      "records": 16,
      "routes": 16,
      "sha256": "a6326b56df738feb18bbf4b0058d27583e867198a1a893a0a503e7590880b2d2"
    },
    "research/results/graph_value_fresh_train64/sampling_001/manifest.json": {
      "records": 64,
      "routes": 64,
      "sha256": "c04f69c57626a187c2401b1b5b8cb6ba5c6720d8a3de0555082520d56bda2dd2"
    },
    "research/results/graph_value_route_disjoint_confirmation_train96/sampling_001/manifest.json": {
      "records": 96,
      "routes": 96,
      "sha256": "1e569e8b395c1c5e0cb8c4a0c4c173efe95a8a6a6cd447ddbb94c02f1142662d"
    },
    "research/results/action_abstraction/ranker_train64_oracle.jsonl": {
      "records": 489,
      "routes": 41,
      "sha256": "20017ce953b9defd543ef20f28e3888818ec0a0d7af39ce22bb29eeeb586f86b"
    },
    "research/results/action_abstraction/ranker_embedding_train64_oracle.jsonl": {
      "records": 489,
      "routes": 41,
      "sha256": "20017ce953b9defd543ef20f28e3888818ec0a0d7af39ce22bb29eeeb586f86b"
    },
    "research/results/action_abstraction/ranker_embedding_train320_oracle.jsonl": {
      "records": 2928,
      "routes": 118,
      "sha256": "532d8b461d5166d248a9363c9e1c4b9a14b83fe959de97c05e922004d5c1892c"
    },
    "research/results/action_abstraction/ranker_embedding_train960_oracle.jsonl": {
      "records": 7813,
      "routes": 328,
      "sha256": "6000a51c1cb264e4e4658c8b869129e32f7bf47158db4724ba3ac9d38e129513"
    },
    "data/datasets/R2R_VLNCE_v1-2_preprocessed_BERTidx/val_seen/val_seen_bertidx.json.gz": {
      "records": 778,
      "routes": 259,
      "sha256": "83b231674ae3a18cb02b3d65847377e978f45cc35682f807c03becc38b09410c"
    },
    "data/datasets/R2R_VLNCE_v1-2_preprocessed_BERTidx/val_unseen/val_unseen_bertidx.json.gz": {
      "records": 1839,
      "routes": 613,
      "sha256": "7db0a39bef374cf5ce986473f8b35c9721f962c6c1a9af069257aa710df16365"
    },
    "research/results/graph_value_route_disjoint_confirmation_train96/sampling_002/manifest.json": {
      "records": 96,
      "routes": 96,
      "sha256": "341628153102ab5bf6f91bbd5e0f88901ddad06c16d1747fea64a621824a2db6"
    }
  },
  "source_script_sha256": "a194ac6c8f08f711f5b66451997835029a5386e3e707f470277e86481bdc9a78",
  "config_sha256": "5e465c0ac1ff81ef3deb7201f3c68b5522d109ebbd72a777961923479d9db3fb"
}
